Downloading https://services.gradle.org/distributions/gradle-8.12-bin.zip
.............10%.............20%.............30%.............40%.............50%.............60%.............70%.............80%.............90%.............100%
Initialized native services in: /home/runner/.gradle/native
Initialized jansi services in: /home/runner/.gradle/native

Welcome to Gradle 8.12!

Here are the highlights of this release:
 - Enhanced error and warning reporting with the Problems API
 - File-system watching support on Alpine Linux
 - Build and test Swift 6 libraries and apps

For more details see https://docs.gradle.org/8.12/release-notes.html

Removing 0 daemon stop events from registry
Starting a Gradle Daemon (subsequent builds will be faster)
Starting process 'Gradle build daemon'. Working directory: /home/runner/.gradle/daemon/8.12 Command: /usr/lib/jvm/temurin-17-jdk-amd64/bin/java --add-opens=java.base/java.lang=ALL-UNNAMED --add-opens=java.base/java.lang.invoke=ALL-UNNAMED --add-opens=java.base/java.util=ALL-UNNAMED --add-opens=java.prefs/java.util.prefs=ALL-UNNAMED --add-exports=jdk.compiler/com.sun.tools.javac.api=ALL-UNNAMED --add-exports=jdk.compiler/com.sun.tools.javac.util=ALL-UNNAMED --add-opens=java.base/java.util=ALL-UNNAMED --add-opens=java.prefs/java.util.prefs=ALL-UNNAMED --add-opens=java.base/java.nio.charset=ALL-UNNAMED --add-opens=java.base/java.net=ALL-UNNAMED --add-opens=java.base/java.util.concurrent.atomic=ALL-UNNAMED --add-opens=java.xml/javax.xml.namespace=ALL-UNNAMED -XX:MaxMetaspaceSize=384m -XX:+HeapDumpOnOutOfMemoryError -Xms256m -Xmx512m -Dfile.encoding=UTF-8 -Duser.country -Duser.language=en -Duser.variant -cp /home/runner/.gradle/wrapper/dists/gradle-8.12-bin/cetblhg4pflnnks72fxwobvgv/gradle-8.12/lib/gradle-daemon-main-8.12.jar -javaagent:/home/runner/.gradle/wrapper/dists/gradle-8.12-bin/cetblhg4pflnnks72fxwobvgv/gradle-8.12/lib/agents/gradle-instrumentation-agent-8.12.jar org.gradle.launcher.daemon.bootstrap.GradleDaemon 8.12
Successfully started process 'Gradle build daemon'
An attempt to start the daemon took 1.088 secs.
The client will now receive all logging from the daemon (pid: 3831). The daemon log file: /home/runner/.gradle/daemon/8.12/daemon-3831.out.log
Starting build in new daemon [memory: 512 MiB]
Using 4 worker leases.
Received JVM installation metadata from '/usr/lib/jvm/temurin-17-jdk-amd64': {JAVA_HOME=/usr/lib/jvm/temurin-17-jdk-amd64, JAVA_VERSION=17.0.17, JAVA_VENDOR=Eclipse Adoptium, RUNTIME_NAME=OpenJDK Runtime Environment, RUNTIME_VERSION=17.0.17+10, VM_NAME=OpenJDK 64-Bit Server VM, VM_VERSION=17.0.17+10, VM_VENDOR=Eclipse Adoptium, OS_ARCH=amd64}
Watching the file system is configured to be enabled if available
Now considering [/home/runner/work/java-profiler/java-profiler] as hierarchies to watch
File system watching is active
Starting Build
Caching disabled for Groovy DSL script compilation (cp_settings) because:
  Build cache is disabled
  Not worth caching.
Compiling settings file '/home/runner/work/java-profiler/java-profiler/settings.gradle' using SubsetScriptTransformer.
Caching disabled for Groovy DSL script compilation (settings) because:
  Build cache is disabled
  Not worth caching.
Compiling settings file '/home/runner/work/java-profiler/java-profiler/settings.gradle' using BuildScriptTransformer.
Settings evaluated using settings file '/home/runner/work/java-profiler/java-profiler/settings.gradle'.
Projects loaded. Root project using build file '/home/runner/work/java-profiler/java-profiler/build.gradle'.
Included projects: [root project 'java-profiler', project ':ddprof-lib', project ':ddprof-stresstest', project ':ddprof-test', project ':ddprof-test-tracer', project ':malloc-shim', project ':ddprof-lib:benchmarks', project ':ddprof-lib:fuzz', project ':ddprof-lib:gtest']

> Configure project :
Evaluating root project 'java-profiler' using build file '/home/runner/work/java-profiler/java-profiler/build.gradle'.
Caching disabled for Groovy DSL script compilation (cp_proj) because:
  Build cache is disabled
  Not worth caching.
Compiling build file '/home/runner/work/java-profiler/java-profiler/build.gradle' using SubsetScriptTransformer.
Downloading https://plugins.gradle.org/m2/io/github/gradle-nexus/publish-plugin/io.github.gradle-nexus.publish-plugin.gradle.plugin/2.0.0/io.github.gradle-nexus.publish-plugin.gradle.plugin-2.0.0.pom to /home/runner/.gradle/.tmp/gradle_download8324033702177451638bin
Resource missing. [HTTP HEAD: https://plugins.gradle.org/m2/io/github/gradle-nexus/publish-plugin/io.github.gradle-nexus.publish-plugin.gradle.plugin/2.0.0/io.github.gradle-nexus.publish-plugin.gradle.plugin-2.0.0.jar]
Resolved plugin [id: 'io.github.gradle-nexus.publish-plugin', version: '2.0.0']
Downloading https://plugins.gradle.org/m2/com/diffplug/spotless/com.diffplug.spotless.gradle.plugin/6.11.0/com.diffplug.spotless.gradle.plugin-6.11.0.pom to /home/runner/.gradle/.tmp/gradle_download6012847047427485503bin
Resource missing. [HTTP HEAD: https://plugins.gradle.org/m2/com/diffplug/spotless/com.diffplug.spotless.gradle.plugin/6.11.0/com.diffplug.spotless.gradle.plugin-6.11.0.jar]
Resolved plugin [id: 'com.diffplug.spotless', version: '6.11.0']
Downloading https://repo.maven.apache.org/maven2/com/dipien/semantic-version-gradle-plugin/2.0.0/semantic-version-gradle-plugin-2.0.0.pom to /home/runner/.gradle/.tmp/gradle_download15529697004267786570bin
Resource missing. [HTTP HEAD: https://repo.maven.apache.org/maven2/com/diffplug/spotless/com.diffplug.spotless.gradle.plugin/6.11.0/com.diffplug.spotless.gradle.plugin-6.11.0.pom]
Resource missing. [HTTP HEAD: https://repo.maven.apache.org/maven2/io/github/gradle-nexus/publish-plugin/io.github.gradle-nexus.publish-plugin.gradle.plugin/2.0.0/io.github.gradle-nexus.publish-plugin.gradle.plugin-2.0.0.pom]
Downloading https://repo.maven.apache.org/maven2/com/dipien/semantic-version-gradle-plugin/2.0.0/semantic-version-gradle-plugin-2.0.0.module to /home/runner/.gradle/.tmp/gradle_download8035490232953544424bin
Downloading https://repo.maven.apache.org/maven2/org/jetbrains/kotlin/kotlin-stdlib-jdk8/1.8.10/kotlin-stdlib-jdk8-1.8.10.pom to /home/runner/.gradle/.tmp/gradle_download3603295345215616561bin
Downloading https://repo.maven.apache.org/maven2/com/dipien/semantic-version/2.0.0/semantic-version-2.0.0.pom to /home/runner/.gradle/.tmp/gradle_download1334613749541847928bin
Downloading https://repo.maven.apache.org/maven2/com/jdroidtools/jdroid-java-core/3.1.0/jdroid-java-core-3.1.0.pom to /home/runner/.gradle/.tmp/gradle_download2103979905775331150bin
Downloading https://repo.maven.apache.org/maven2/com/dipien/semantic-version/2.0.0/semantic-version-2.0.0.module to /home/runner/.gradle/.tmp/gradle_download383610522845632100bin
Downloading https://repo.maven.apache.org/maven2/com/jdroidtools/jdroid-java-core/3.1.0/jdroid-java-core-3.1.0.module to /home/runner/.gradle/.tmp/gradle_download11536479882710122722bin
Resource missing. [HTTP GET: https://repo.maven.apache.org/maven2/io/github/gradle-nexus/publish-plugin/2.0.0/publish-plugin-2.0.0.pom]
Downloading https://plugins.gradle.org/m2/io/github/gradle-nexus/publish-plugin/2.0.0/publish-plugin-2.0.0.pom to /home/runner/.gradle/.tmp/gradle_download13560723503300657222bin
Downloading https://plugins.gradle.org/m2/io/github/gradle-nexus/publish-plugin/2.0.0/publish-plugin-2.0.0.module to /home/runner/.gradle/.tmp/gradle_download5389756840843114517bin
Downloading https://repo.maven.apache.org/maven2/com/diffplug/spotless/spotless-plugin-gradle/6.11.0/spotless-plugin-gradle-6.11.0.pom to /home/runner/.gradle/.tmp/gradle_download15739926867658022935bin
Downloading https://repo.maven.apache.org/maven2/com/diffplug/spotless/spotless-plugin-gradle/6.11.0/spotless-plugin-gradle-6.11.0.module to /home/runner/.gradle/.tmp/gradle_download12400225793459744271bin
Downloading https://repo.maven.apache.org/maven2/org/jetbrains/kotlin/kotlin-stdlib-jdk7/1.8.10/kotlin-stdlib-jdk7-1.8.10.pom to /home/runner/.gradle/.tmp/gradle_download9075478212753730251bin
Downloading https://repo.maven.apache.org/maven2/org/jetbrains/kotlin/kotlin-stdlib/1.8.10/kotlin-stdlib-1.8.10.pom to /home/runner/.gradle/.tmp/gradle_download5675997113117274019bin
Downloading https://repo.maven.apache.org/maven2/org/slf4j/slf4j-api/1.6.3/slf4j-api-1.6.3.pom to /home/runner/.gradle/.tmp/gradle_download15418328879043735231bin
Downloading https://repo.maven.apache.org/maven2/com/google/code/gson/gson/2.8.5/gson-2.8.5.pom to /home/runner/.gradle/.tmp/gradle_download15505039949427562009bin
Downloading https://repo.maven.apache.org/maven2/org/jetbrains/kotlin/kotlin-reflect/1.3.61/kotlin-reflect-1.3.61.pom to /home/runner/.gradle/.tmp/gradle_download5393277067212139919bin
Downloading https://repo.maven.apache.org/maven2/com/google/code/gson/gson-parent/2.8.5/gson-parent-2.8.5.pom to /home/runner/.gradle/.tmp/gradle_download11161976382892984440bin
Downloading https://repo.maven.apache.org/maven2/org/slf4j/slf4j-parent/1.6.3/slf4j-parent-1.6.3.pom to /home/runner/.gradle/.tmp/gradle_download4232198983730613996bin
Downloading https://repo.maven.apache.org/maven2/org/sonatype/oss/oss-parent/7/oss-parent-7.pom to /home/runner/.gradle/.tmp/gradle_download2287555734652931953bin
Downloading https://repo.maven.apache.org/maven2/com/diffplug/durian/durian-collect/1.2.0/durian-collect-1.2.0.pom to /home/runner/.gradle/.tmp/gradle_download5295174902118085486bin
Downloading https://repo.maven.apache.org/maven2/com/diffplug/durian/durian-io/1.2.0/durian-io-1.2.0.pom to /home/runner/.gradle/.tmp/gradle_download107945720374839266bin
Downloading https://repo.maven.apache.org/maven2/org/eclipse/jgit/org.eclipse.jgit/5.13.1.202206130422-r/org.eclipse.jgit-5.13.1.202206130422-r.pom to /home/runner/.gradle/.tmp/gradle_download10773708330708549198bin
Downloading https://repo.maven.apache.org/maven2/com/diffplug/durian/durian-core/1.2.0/durian-core-1.2.0.pom to /home/runner/.gradle/.tmp/gradle_download7459376911218406106bin
Downloading https://repo.maven.apache.org/maven2/com/diffplug/spotless/spotless-lib/2.30.0/spotless-lib-2.30.0.pom to /home/runner/.gradle/.tmp/gradle_download7121826173732424861bin
Downloading https://repo.maven.apache.org/maven2/org/eclipse/jgit/org.eclipse.jgit-parent/5.13.1.202206130422-r/org.eclipse.jgit-parent-5.13.1.202206130422-r.pom to /home/runner/.gradle/.tmp/gradle_download5455597340063417942bin
Downloading https://repo.maven.apache.org/maven2/com/diffplug/spotless/spotless-lib-extra/2.30.0/spotless-lib-extra-2.30.0.pom to /home/runner/.gradle/.tmp/gradle_download7109145010867442487bin
Downloading https://repo.maven.apache.org/maven2/com/diffplug/spotless/spotless-lib/2.30.0/spotless-lib-2.30.0.module to /home/runner/.gradle/.tmp/gradle_download14892960966507167396bin
Downloading https://repo.maven.apache.org/maven2/com/diffplug/spotless/spotless-lib-extra/2.30.0/spotless-lib-extra-2.30.0.module to /home/runner/.gradle/.tmp/gradle_download14877172956138602068bin
Downloading https://repo.maven.apache.org/maven2/org/jetbrains/kotlin/kotlin-stdlib-common/1.8.10/kotlin-stdlib-common-1.8.10.pom to /home/runner/.gradle/.tmp/gradle_download16609934111136746341bin
Downloading https://repo.maven.apache.org/maven2/org/jetbrains/annotations/13.0/annotations-13.0.pom to /home/runner/.gradle/.tmp/gradle_download342514137165981974bin
Downloading https://repo.maven.apache.org/maven2/org/slf4j/slf4j-api/1.7.30/slf4j-api-1.7.30.pom to /home/runner/.gradle/.tmp/gradle_download10745055957670427180bin
Downloading https://repo.maven.apache.org/maven2/org/slf4j/slf4j-parent/1.7.30/slf4j-parent-1.7.30.pom to /home/runner/.gradle/.tmp/gradle_download16215465153729191200bin
Downloading https://repo.maven.apache.org/maven2/com/googlecode/javaewah/JavaEWAH/1.1.13/JavaEWAH-1.1.13.pom to /home/runner/.gradle/.tmp/gradle_download16323728453599898718bin
Downloading https://repo.maven.apache.org/maven2/org/sonatype/oss/oss-parent/5/oss-parent-5.pom to /home/runner/.gradle/.tmp/gradle_download14814154891811967943bin
Downloading https://repo.maven.apache.org/maven2/org/codehaus/groovy/groovy-xml/3.0.10/groovy-xml-3.0.10.pom to /home/runner/.gradle/.tmp/gradle_download2441691995882938236bin
Downloading https://repo.maven.apache.org/maven2/com/googlecode/concurrent-trees/concurrent-trees/2.6.1/concurrent-trees-2.6.1.pom to /home/runner/.gradle/.tmp/gradle_download17256426062420674708bin
Downloading https://repo.maven.apache.org/maven2/org/codehaus/groovy/groovy/3.0.10/groovy-3.0.10.pom to /home/runner/.gradle/.tmp/gradle_download3705009295487619095bin
Downloading https://repo.maven.apache.org/maven2/org/jetbrains/kotlin/kotlin-stdlib-jdk8/1.8.10/kotlin-stdlib-jdk8-1.8.10.jar to /home/runner/.gradle/.tmp/gradle_download5095220354759091453bin
Downloading https://repo.maven.apache.org/maven2/com/jdroidtools/jdroid-java-core/3.1.0/jdroid-java-core-3.1.0.jar to /home/runner/.gradle/.tmp/gradle_download11999909309061805957bin
Downloading https://repo.maven.apache.org/maven2/com/dipien/semantic-version/2.0.0/semantic-version-2.0.0.jar to /home/runner/.gradle/.tmp/gradle_download15413291650637694528bin
Downloading https://repo.maven.apache.org/maven2/com/dipien/semantic-version-gradle-plugin/2.0.0/semantic-version-gradle-plugin-2.0.0.jar to /home/runner/.gradle/.tmp/gradle_download16684205129854824bin
Downloading https://repo.maven.apache.org/maven2/com/diffplug/spotless/spotless-plugin-gradle/6.11.0/spotless-plugin-gradle-6.11.0.jar to /home/runner/.gradle/.tmp/gradle_download6825074138538919814bin
Downloading https://repo.maven.apache.org/maven2/org/jetbrains/kotlin/kotlin-stdlib-jdk7/1.8.10/kotlin-stdlib-jdk7-1.8.10.jar to /home/runner/.gradle/.tmp/gradle_download3006382594418451645bin
Downloading https://plugins.gradle.org/m2/io/github/gradle-nexus/publish-plugin/2.0.0/publish-plugin-2.0.0.jar to /home/runner/.gradle/.tmp/gradle_download1894166799592726236bin
Downloading https://repo.maven.apache.org/maven2/org/jetbrains/kotlin/kotlin-reflect/1.3.61/kotlin-reflect-1.3.61.jar to /home/runner/.gradle/.tmp/gradle_download17476757392087351356bin
Downloading https://repo.maven.apache.org/maven2/org/jetbrains/kotlin/kotlin-stdlib/1.8.10/kotlin-stdlib-1.8.10.jar to /home/runner/.gradle/.tmp/gradle_download9517567268783033417bin
Downloading https://repo.maven.apache.org/maven2/com/google/code/gson/gson/2.8.5/gson-2.8.5.jar to /home/runner/.gradle/.tmp/gradle_download12081428019755606720bin
Downloading https://repo.maven.apache.org/maven2/com/diffplug/spotless/spotless-lib-extra/2.30.0/spotless-lib-extra-2.30.0.jar to /home/runner/.gradle/.tmp/gradle_download5107129067328793467bin
Downloading https://repo.maven.apache.org/maven2/org/eclipse/jgit/org.eclipse.jgit/5.13.1.202206130422-r/org.eclipse.jgit-5.13.1.202206130422-r.jar to /home/runner/.gradle/.tmp/gradle_download9568695762790284500bin
Downloading https://repo.maven.apache.org/maven2/org/slf4j/slf4j-api/1.7.30/slf4j-api-1.7.30.jar to /home/runner/.gradle/.tmp/gradle_download14142626941560062485bin
Downloading https://repo.maven.apache.org/maven2/com/diffplug/durian/durian-collect/1.2.0/durian-collect-1.2.0.jar to /home/runner/.gradle/.tmp/gradle_download5858623870003384874bin
Downloading https://repo.maven.apache.org/maven2/com/diffplug/durian/durian-io/1.2.0/durian-io-1.2.0.jar to /home/runner/.gradle/.tmp/gradle_download8463817831862756427bin
Downloading https://repo.maven.apache.org/maven2/com/diffplug/spotless/spotless-lib/2.30.0/spotless-lib-2.30.0.jar to /home/runner/.gradle/.tmp/gradle_download8357067614993560427bin
Downloading https://repo.maven.apache.org/maven2/com/diffplug/durian/durian-core/1.2.0/durian-core-1.2.0.jar to /home/runner/.gradle/.tmp/gradle_download14641044507837855930bin
Downloading https://repo.maven.apache.org/maven2/org/jetbrains/kotlin/kotlin-stdlib-common/1.8.10/kotlin-stdlib-common-1.8.10.jar to /home/runner/.gradle/.tmp/gradle_download16323666452857080174bin
Downloading https://repo.maven.apache.org/maven2/org/jetbrains/annotations/13.0/annotations-13.0.jar to /home/runner/.gradle/.tmp/gradle_download14540465588598670655bin
Downloading https://repo.maven.apache.org/maven2/com/googlecode/javaewah/JavaEWAH/1.1.13/JavaEWAH-1.1.13.jar to /home/runner/.gradle/.tmp/gradle_download2993682636836725593bin
Downloading https://repo.maven.apache.org/maven2/com/googlecode/concurrent-trees/concurrent-trees/2.6.1/concurrent-trees-2.6.1.jar to /home/runner/.gradle/.tmp/gradle_download6075376099733548188bin
Downloading https://repo.maven.apache.org/maven2/org/codehaus/groovy/groovy-xml/3.0.10/groovy-xml-3.0.10.jar to /home/runner/.gradle/.tmp/gradle_download7463004888814723723bin
Downloading https://repo.maven.apache.org/maven2/org/codehaus/groovy/groovy/3.0.10/groovy-3.0.10.jar to /home/runner/.gradle/.tmp/gradle_download18446361434382685199bin
Caching disabled for InstrumentationAnalysisTransform: /home/runner/.gradle/caches/modules-2/files-2.1/com.dipien/semantic-version/2.0.0/672efe3b8ed5f64a989178c64138deb22f211991/semantic-version-2.0.0.jar because:
  Build cache is disabled
  Caching not enabled.
Caching disabled for InstrumentationAnalysisTransform: /home/runner/.gradle/caches/modules-2/files-2.1/com.dipien/semantic-version-gradle-plugin/2.0.0/860c40ccf4861ce669b4b72653671dfe61466594/semantic-version-gradle-plugin-2.0.0.jar because:
  Build cache is disabled
  Caching not enabled.
Caching disabled for InstrumentationAnalysisTransform: /home/runner/.gradle/caches/modules-2/files-2.1/com.jdroidtools/jdroid-java-core/3.1.0/bed4c10d4c8699b223a65c4f079890664deb2252/jdroid-java-core-3.1.0.jar because:
  Build cache is disabled
  Caching not enabled.
Caching disabled for InstrumentationAnalysisTransform: /home/runner/.gradle/caches/modules-2/files-2.1/io.github.gradle-nexus/publish-plugin/2.0.0/f7afd5bc46da8059edb1d7f05163ce096d9e4c18/publish-plugin-2.0.0.jar because:
  Build cache is disabled
  Caching not enabled.
Caching disabled for InstrumentationAnalysisTransform: /home/runner/.gradle/caches/modules-2/files-2.1/com.diffplug.spotless/spotless-plugin-gradle/6.11.0/4bace71cc3201f9de81752b32f94532004bdaa4b/spotless-plugin-gradle-6.11.0.jar because:
  Build cache is disabled
  Caching not enabled.
Caching disabled for InstrumentationAnalysisTransform: /home/runner/.gradle/caches/modules-2/files-2.1/org.jetbrains.kotlin/kotlin-stdlib-jdk8/1.8.10/7c002ac41f547a82e81dfebd2a20577a738dbf3f/kotlin-stdlib-jdk8-1.8.10.jar because:
  Build cache is disabled
  Caching not enabled.
Caching disabled for InstrumentationAnalysisTransform: /home/runner/.gradle/caches/modules-2/files-2.1/org.jetbrains.kotlin/kotlin-reflect/1.3.61/2e07c9a84c9e118efb70eede7e579fd663932122/kotlin-reflect-1.3.61.jar because:
  Build cache is disabled
  Caching not enabled.
Caching disabled for InstrumentationAnalysisTransform: /home/runner/.gradle/caches/modules-2/files-2.1/org.jetbrains.kotlin/kotlin-stdlib-jdk7/1.8.10/cb726a23c808a850a43e7d6b9d1ba91b02fe9f05/kotlin-stdlib-jdk7-1.8.10.jar because:
  Build cache is disabled
  Caching not enabled.
Caching disabled for InstrumentationAnalysisTransform: /home/runner/.gradle/caches/modules-2/files-2.1/org.jetbrains.kotlin/kotlin-stdlib/1.8.10/6d5560a229477df9406943d5feda5618e98eb64c/kotlin-stdlib-1.8.10.jar because:
  Build cache is disabled
  Caching not enabled.
Caching disabled for InstrumentationAnalysisTransform: /home/runner/.gradle/caches/modules-2/files-2.1/com.google.code.gson/gson/2.8.5/f645ed69d595b24d4cf8b3fbb64cc505bede8829/gson-2.8.5.jar because:
  Build cache is disabled
  Caching not enabled.
Caching disabled for InstrumentationAnalysisTransform: /home/runner/.gradle/caches/modules-2/files-2.1/com.diffplug.spotless/spotless-lib-extra/2.30.0/4f3fe4e991b2e386be0bc9753fc5018f5fe08beb/spotless-lib-extra-2.30.0.jar because:
  Build cache is disabled
  Caching not enabled.
Caching disabled for InstrumentationAnalysisTransform: /home/runner/.gradle/caches/modules-2/files-2.1/org.eclipse.jgit/org.eclipse.jgit/5.13.1.202206130422-r/841d1ae74e4bc77ac7d4b106f15d0468dc7ac7f2/org.eclipse.jgit-5.13.1.202206130422-r.jar because:
  Build cache is disabled
  Caching not enabled.
Caching disabled for InstrumentationAnalysisTransform: /home/runner/.gradle/caches/modules-2/files-2.1/org.slf4j/slf4j-api/1.7.30/b5a4b6d16ab13e34a88fae84c35cd5d68cac922c/slf4j-api-1.7.30.jar because:
  Build cache is disabled
  Caching not enabled.
Caching disabled for InstrumentationAnalysisTransform: /home/runner/.gradle/caches/modules-2/files-2.1/com.diffplug.durian/durian-io/1.2.0/fc9c103d454d04f7c5b78b437190ea3bd15fb72c/durian-io-1.2.0.jar because:
  Build cache is disabled
  Caching not enabled.
Caching disabled for InstrumentationAnalysisTransform: /home/runner/.gradle/caches/modules-2/files-2.1/com.diffplug.durian/durian-collect/1.2.0/eee2085a0f894527ac841b05b442656115e2877c/durian-collect-1.2.0.jar because:
  Build cache is disabled
  Caching not enabled.
Caching disabled for InstrumentationAnalysisTransform: /home/runner/.gradle/caches/modules-2/files-2.1/com.diffplug.durian/durian-core/1.2.0/ddf0b08f6dccae07bcb993645a7634cbe8f9b2f8/durian-core-1.2.0.jar because:
  Build cache is disabled
  Caching not enabled.
Caching disabled for InstrumentationAnalysisTransform: /home/runner/.gradle/caches/modules-2/files-2.1/com.diffplug.spotless/spotless-lib/2.30.0/8aa538fd70f8a141e8cc6ca288f05445548ad058/spotless-lib-2.30.0.jar because:
  Build cache is disabled
  Caching not enabled.
Caching disabled for InstrumentationAnalysisTransform: /home/runner/.gradle/caches/modules-2/files-2.1/org.jetbrains.kotlin/kotlin-stdlib-common/1.8.10/a61b182458550492c12aee66157d7b524a63a5ec/kotlin-stdlib-common-1.8.10.jar because:
  Build cache is disabled
  Caching not enabled.
Caching disabled for InstrumentationAnalysisTransform: /home/runner/.gradle/caches/modules-2/files-2.1/org.jetbrains/annotations/13.0/919f0dfe192fb4e063e7dacadee7f8bb9a2672a9/annotations-13.0.jar because:
  Build cache is disabled
  Caching not enabled.
Caching disabled for InstrumentationAnalysisTransform: /home/runner/.gradle/caches/modules-2/files-2.1/com.googlecode.javaewah/JavaEWAH/1.1.13/32cd724a42dc73f99ca08453d11a4bb83e0034c7/JavaEWAH-1.1.13.jar because:
  Build cache is disabled
  Caching not enabled.
Caching disabled for InstrumentationAnalysisTransform: /home/runner/.gradle/caches/modules-2/files-2.1/com.googlecode.concurrent-trees/concurrent-trees/2.6.1/9b647240522ab67c003de9b6702ca81ac0c15efc/concurrent-trees-2.6.1.jar because:
  Build cache is disabled
  Caching not enabled.
Caching disabled for InstrumentationAnalysisTransform: /home/runner/.gradle/caches/modules-2/files-2.1/org.codehaus.groovy/groovy-xml/3.0.10/5367241b0c5d4638c0e8371028a2d19a0af35156/groovy-xml-3.0.10.jar because:
  Build cache is disabled
  Caching not enabled.
Caching disabled for InstrumentationAnalysisTransform: /home/runner/.gradle/caches/modules-2/files-2.1/org.codehaus.groovy/groovy/3.0.10/b92c72a758f468e64b55e38abe06afa873decdba/groovy-3.0.10.jar because:
  Build cache is disabled
  Caching not enabled.
Caching disabled for MergeInstrumentationAnalysisTransform: /home/runner/.gradle/caches/8.12/transforms/5cdbf940f16e57bfcc2478de6b839cee/transformed/.gradle-instrumented-classpath.marker because:
  Build cache is disabled
  Caching not enabled.
Caching disabled for MergeInstrumentationAnalysisTransform: /home/runner/.gradle/caches/8.12/transforms/5cdbf940f16e57bfcc2478de6b839cee/transformed/analysis/instrumentation-hierarchy.bin because:
  Build cache is disabled
  Caching not enabled.
Caching disabled for MergeInstrumentationAnalysisTransform: /home/runner/.gradle/caches/8.12/transforms/f32d7692558f3690a1be916f0ade88ee/transformed/analysis/instrumentation-hierarchy.bin because:
  Build cache is disabled
  Caching not enabled.
Caching disabled for MergeInstrumentationAnalysisTransform: /home/runner/.gradle/caches/8.12/transforms/55716dc8cd9f7d51fafc040d016170e8/transformed/analysis/instrumentation-hierarchy.bin because:
  Build cache is disabled
  Caching not enabled.
Caching disabled for MergeInstrumentationAnalysisTransform: /home/runner/.gradle/caches/8.12/transforms/a952f694ae1706ba0d488ffc519efae3/transformed/analysis/instrumentation-hierarchy.bin because:
  Build cache is disabled
  Caching not enabled.
Caching disabled for MergeInstrumentationAnalysisTransform: /home/runner/.gradle/caches/8.12/transforms/f32d7692558f3690a1be916f0ade88ee/transformed/analysis/instrumentation-dependencies.bin because:
  Build cache is disabled
  Caching not enabled.
Caching disabled for MergeInstrumentationAnalysisTransform: /home/runner/.gradle/caches/8.12/transforms/5cdbf940f16e57bfcc2478de6b839cee/transformed/analysis/instrumentation-dependencies.bin because:
  Build cache is disabled
  Caching not enabled.
Caching disabled for MergeInstrumentationAnalysisTransform: /home/runner/.gradle/caches/8.12/transforms/55716dc8cd9f7d51fafc040d016170e8/transformed/analysis/instrumentation-dependencies.bin because:
  Build cache is disabled
  Caching not enabled.
Caching disabled for MergeInstrumentationAnalysisTransform: /home/runner/.gradle/caches/8.12/transforms/a952f694ae1706ba0d488ffc519efae3/transformed/analysis/instrumentation-dependencies.bin because:
  Build cache is disabled
  Caching not enabled.
Caching disabled for MergeInstrumentationAnalysisTransform: /home/runner/.gradle/caches/modules-2/files-2.1/com.dipien/semantic-version/2.0.0/672efe3b8ed5f64a989178c64138deb22f211991/semantic-version-2.0.0.jar because:
  Build cache is disabled
  Caching not enabled.
Caching disabled for MergeInstrumentationAnalysisTransform: /home/runner/.gradle/caches/modules-2/files-2.1/org.jetbrains.kotlin/kotlin-stdlib-jdk8/1.8.10/7c002ac41f547a82e81dfebd2a20577a738dbf3f/kotlin-stdlib-jdk8-1.8.10.jar because:
  Build cache is disabled
  Caching not enabled.
Caching disabled for MergeInstrumentationAnalysisTransform: /home/runner/.gradle/caches/modules-2/files-2.1/com.jdroidtools/jdroid-java-core/3.1.0/bed4c10d4c8699b223a65c4f079890664deb2252/jdroid-java-core-3.1.0.jar because:
  Build cache is disabled
  Caching not enabled.
Caching disabled for MergeInstrumentationAnalysisTransform: /home/runner/.gradle/caches/modules-2/files-2.1/com.dipien/semantic-version-gradle-plugin/2.0.0/860c40ccf4861ce669b4b72653671dfe61466594/semantic-version-gradle-plugin-2.0.0.jar because:
  Build cache is disabled
  Caching not enabled.
Caching disabled for ExternalDependencyInstrumentingArtifactTransform: /home/runner/.gradle/caches/8.12/transforms/a1ad93bf13f58592981520d5ef41ba07/transformed/.gradle-instrumented-classpath.marker because:
  Build cache is disabled
  Caching not enabled.
Caching disabled for ExternalDependencyInstrumentingArtifactTransform: /home/runner/.gradle/caches/8.12/transforms/87ebac3275b9aa32e0f976bcd79370e8/transformed/merge/instrumentation-dependencies.bin because:
  Build cache is disabled
  Caching not enabled.
Caching disabled for ExternalDependencyInstrumentingArtifactTransform: /home/runner/.gradle/caches/8.12/transforms/e971a49b8d4510cf2ddae5b8495e5af6/transformed/merge/instrumentation-dependencies.bin because:
  Build cache is disabled
  Caching not enabled.
Caching disabled for ExternalDependencyInstrumentingArtifactTransform: /home/runner/.gradle/caches/8.12/transforms/a1ad93bf13f58592981520d5ef41ba07/transformed/merge/instrumentation-dependencies.bin because:
  Build cache is disabled
  Caching not enabled.
Caching disabled for ExternalDependencyInstrumentingArtifactTransform: /home/runner/.gradle/caches/8.12/transforms/c5f6419ed5f5a5d8bfacb1257c3d4b9c/transformed/merge/instrumentation-dependencies.bin because:
  Build cache is disabled
  Caching not enabled.
Caching disabled for ExternalDependencyInstrumentingArtifactTransform: /home/runner/.gradle/caches/modules-2/files-2.1/org.jetbrains.kotlin/kotlin-stdlib-jdk8/1.8.10/7c002ac41f547a82e81dfebd2a20577a738dbf3f/kotlin-stdlib-jdk8-1.8.10.jar because:
  Build cache is disabled
  Caching not enabled.
Caching disabled for MergeInstrumentationAnalysisTransform: /home/runner/.gradle/caches/8.12/transforms/f56da2d67892cf9ae3063211ec39c26e/transformed/analysis/instrumentation-hierarchy.bin because:
  Build cache is disabled
  Caching not enabled.
Caching disabled for MergeInstrumentationAnalysisTransform: /home/runner/.gradle/caches/8.12/transforms/f56da2d67892cf9ae3063211ec39c26e/transformed/analysis/instrumentation-dependencies.bin because:
  Build cache is disabled
  Caching not enabled.
Caching disabled for ExternalDependencyInstrumentingArtifactTransform: /home/runner/.gradle/caches/modules-2/files-2.1/com.dipien/semantic-version/2.0.0/672efe3b8ed5f64a989178c64138deb22f211991/semantic-version-2.0.0.jar because:
  Build cache is disabled
  Caching not enabled.
Caching disabled for ExternalDependencyInstrumentingArtifactTransform: /home/runner/.gradle/caches/modules-2/files-2.1/com.dipien/semantic-version-gradle-plugin/2.0.0/860c40ccf4861ce669b4b72653671dfe61466594/semantic-version-gradle-plugin-2.0.0.jar because:
  Build cache is disabled
  Caching not enabled.
Caching disabled for MergeInstrumentationAnalysisTransform: /home/runner/.gradle/caches/8.12/transforms/5c244b425f5cc8ab7aee6db0b6ee5a6c/transformed/analysis/instrumentation-hierarchy.bin because:
  Build cache is disabled
  Caching not enabled.
Caching disabled for MergeInstrumentationAnalysisTransform: /home/runner/.gradle/caches/8.12/transforms/5c244b425f5cc8ab7aee6db0b6ee5a6c/transformed/analysis/instrumentation-dependencies.bin because:
  Build cache is disabled
  Caching not enabled.
Caching disabled for MergeInstrumentationAnalysisTransform: /home/runner/.gradle/caches/8.12/transforms/fb244e59067097ea78fbaa6ae189f86c/transformed/analysis/instrumentation-dependencies.bin because:
  Build cache is disabled
  Caching not enabled.
Caching disabled for MergeInstrumentationAnalysisTransform: /home/runner/.gradle/caches/modules-2/files-2.1/org.jetbrains.kotlin/kotlin-stdlib-jdk7/1.8.10/cb726a23c808a850a43e7d6b9d1ba91b02fe9f05/kotlin-stdlib-jdk7-1.8.10.jar because:
  Build cache is disabled
  Caching not enabled.
Caching disabled for MergeInstrumentationAnalysisTransform: /home/runner/.gradle/caches/modules-2/files-2.1/com.diffplug.spotless/spotless-plugin-gradle/6.11.0/4bace71cc3201f9de81752b32f94532004bdaa4b/spotless-plugin-gradle-6.11.0.jar because:
  Build cache is disabled
  Caching not enabled.
Caching disabled for ExternalDependencyInstrumentingArtifactTransform: /home/runner/.gradle/caches/8.12/transforms/8dad3acbac3583e1fa0330a1610602c6/transformed/merge/instrumentation-dependencies.bin because:
  Build cache is disabled
  Caching not enabled.
Caching disabled for ExternalDependencyInstrumentingArtifactTransform: /home/runner/.gradle/caches/8.12/transforms/3d8616cd6e2c56683857890820e629d9/transformed/merge/instrumentation-dependencies.bin because:
  Build cache is disabled
  Caching not enabled.
Caching disabled for MergeInstrumentationAnalysisTransform: /home/runner/.gradle/caches/modules-2/files-2.1/io.github.gradle-nexus/publish-plugin/2.0.0/f7afd5bc46da8059edb1d7f05163ce096d9e4c18/publish-plugin-2.0.0.jar because:
  Build cache is disabled
  Caching not enabled.
Caching disabled for ExternalDependencyInstrumentingArtifactTransform: /home/runner/.gradle/caches/modules-2/files-2.1/org.jetbrains.kotlin/kotlin-stdlib-jdk7/1.8.10/cb726a23c808a850a43e7d6b9d1ba91b02fe9f05/kotlin-stdlib-jdk7-1.8.10.jar because:
  Build cache is disabled
  Caching not enabled.
Caching disabled for ExternalDependencyInstrumentingArtifactTransform: /home/runner/.gradle/caches/8.12/transforms/3827dfc7c790a16a6563842ccea05f42/transformed/merge/instrumentation-dependencies.bin because:
  Build cache is disabled
  Caching not enabled.
Caching disabled for MergeInstrumentationAnalysisTransform: /home/runner/.gradle/caches/8.12/transforms/5f545f551921df7eefc8d43be792861e/transformed/analysis/instrumentation-hierarchy.bin because:
  Build cache is disabled
  Caching not enabled.
Caching disabled for MergeInstrumentationAnalysisTransform: /home/runner/.gradle/caches/8.12/transforms/5f545f551921df7eefc8d43be792861e/transformed/analysis/instrumentation-dependencies.bin because:
  Build cache is disabled
  Caching not enabled.
Caching disabled for MergeInstrumentationAnalysisTransform: /home/runner/.gradle/caches/modules-2/files-2.1/org.jetbrains.kotlin/kotlin-reflect/1.3.61/2e07c9a84c9e118efb70eede7e579fd663932122/kotlin-reflect-1.3.61.jar because:
  Build cache is disabled
  Caching not enabled.
Caching disabled for ExternalDependencyInstrumentingArtifactTransform: /home/runner/.gradle/caches/modules-2/files-2.1/com.jdroidtools/jdroid-java-core/3.1.0/bed4c10d4c8699b223a65c4f079890664deb2252/jdroid-java-core-3.1.0.jar because:
  Build cache is disabled
  Caching not enabled.
Caching disabled for ExternalDependencyInstrumentingArtifactTransform: /home/runner/.gradle/caches/modules-2/files-2.1/com.diffplug.spotless/spotless-plugin-gradle/6.11.0/4bace71cc3201f9de81752b32f94532004bdaa4b/spotless-plugin-gradle-6.11.0.jar because:
  Build cache is disabled
  Caching not enabled.
Caching disabled for ExternalDependencyInstrumentingArtifactTransform: /home/runner/.gradle/caches/8.12/transforms/27827b64135ae8baef386024bf2ba2e4/transformed/merge/instrumentation-dependencies.bin because:
  Build cache is disabled
  Caching not enabled.
Caching disabled for MergeInstrumentationAnalysisTransform: /home/runner/.gradle/caches/8.12/transforms/c8ba1e1287c32997bf7f016c4a3f8ef0/transformed/analysis/instrumentation-hierarchy.bin because:
  Build cache is disabled
  Caching not enabled.
Caching disabled for MergeInstrumentationAnalysisTransform: /home/runner/.gradle/caches/8.12/transforms/41bf1718c97a16ed3c21a4428598fde5/transformed/analysis/instrumentation-hierarchy.bin because:
  Build cache is disabled
  Caching not enabled.
Caching disabled for MergeInstrumentationAnalysisTransform: /home/runner/.gradle/caches/8.12/transforms/c8ba1e1287c32997bf7f016c4a3f8ef0/transformed/analysis/instrumentation-dependencies.bin because:
  Build cache is disabled
  Caching not enabled.
Caching disabled for MergeInstrumentationAnalysisTransform: /home/runner/.gradle/caches/8.12/transforms/41bf1718c97a16ed3c21a4428598fde5/transformed/analysis/instrumentation-dependencies.bin because:
  Build cache is disabled
  Caching not enabled.
Caching disabled for MergeInstrumentationAnalysisTransform: /home/runner/.gradle/caches/modules-2/files-2.1/com.google.code.gson/gson/2.8.5/f645ed69d595b24d4cf8b3fbb64cc505bede8829/gson-2.8.5.jar because:
  Build cache is disabled
  Caching not enabled.
Caching disabled for MergeInstrumentationAnalysisTransform: /home/runner/.gradle/caches/modules-2/files-2.1/org.jetbrains.kotlin/kotlin-stdlib/1.8.10/6d5560a229477df9406943d5feda5618e98eb64c/kotlin-stdlib-1.8.10.jar because:
  Build cache is disabled
  Caching not enabled.
Caching disabled for ExternalDependencyInstrumentingArtifactTransform: /home/runner/.gradle/caches/8.12/transforms/2b06746847ee8a114f23fbc1805e70c7/transformed/merge/instrumentation-dependencies.bin because:
  Build cache is disabled
  Caching not enabled.
Caching disabled for ExternalDependencyInstrumentingArtifactTransform: /home/runner/.gradle/caches/8.12/transforms/f59edf06eb979c6ec4678d81d7c11d92/transformed/merge/instrumentation-dependencies.bin because:
  Build cache is disabled
  Caching not enabled.
Caching disabled for ExternalDependencyInstrumentingArtifactTransform: /home/runner/.gradle/caches/modules-2/files-2.1/com.google.code.gson/gson/2.8.5/f645ed69d595b24d4cf8b3fbb64cc505bede8829/gson-2.8.5.jar because:
  Build cache is disabled
  Caching not enabled.
Caching disabled for MergeInstrumentationAnalysisTransform: /home/runner/.gradle/caches/8.12/transforms/4e59254e2763f8d38060b9351dd285dd/transformed/analysis/instrumentation-hierarchy.bin because:
  Build cache is disabled
  Caching not enabled.
Caching disabled for MergeInstrumentationAnalysisTransform: /home/runner/.gradle/caches/8.12/transforms/4e59254e2763f8d38060b9351dd285dd/transformed/analysis/instrumentation-dependencies.bin because:
  Build cache is disabled
  Caching not enabled.
Caching disabled for MergeInstrumentationAnalysisTransform: /home/runner/.gradle/caches/modules-2/files-2.1/com.diffplug.spotless/spotless-lib-extra/2.30.0/4f3fe4e991b2e386be0bc9753fc5018f5fe08beb/spotless-lib-extra-2.30.0.jar because:
  Build cache is disabled
  Caching not enabled.
Caching disabled for ExternalDependencyInstrumentingArtifactTransform: /home/runner/.gradle/caches/8.12/transforms/ad196720630fbb8007e860b8f2bf64e9/transformed/merge/instrumentation-dependencies.bin because:
  Build cache is disabled
  Caching not enabled.
Caching disabled for ExternalDependencyInstrumentingArtifactTransform: /home/runner/.gradle/caches/modules-2/files-2.1/com.diffplug.spotless/spotless-lib-extra/2.30.0/4f3fe4e991b2e386be0bc9753fc5018f5fe08beb/spotless-lib-extra-2.30.0.jar because:
  Build cache is disabled
  Caching not enabled.
Caching disabled for MergeInstrumentationAnalysisTransform: /home/runner/.gradle/caches/8.12/transforms/b4010e87708352f2d7bf96f5614ba1e1/transformed/analysis/instrumentation-hierarchy.bin because:
  Build cache is disabled
  Caching not enabled.
Caching disabled for MergeInstrumentationAnalysisTransform: /home/runner/.gradle/caches/8.12/transforms/b4010e87708352f2d7bf96f5614ba1e1/transformed/analysis/instrumentation-dependencies.bin because:
  Build cache is disabled
  Caching not enabled.
Caching disabled for MergeInstrumentationAnalysisTransform: /home/runner/.gradle/caches/modules-2/files-2.1/org.eclipse.jgit/org.eclipse.jgit/5.13.1.202206130422-r/841d1ae74e4bc77ac7d4b106f15d0468dc7ac7f2/org.eclipse.jgit-5.13.1.202206130422-r.jar because:
  Build cache is disabled
  Caching not enabled.
Caching disabled for ExternalDependencyInstrumentingArtifactTransform: /home/runner/.gradle/caches/8.12/transforms/3dadcc6aeee73b4e0bb84c0528857f0d/transformed/merge/instrumentation-dependencies.bin because:
  Build cache is disabled
  Caching not enabled.
Caching disabled for ExternalDependencyInstrumentingArtifactTransform: /home/runner/.gradle/caches/modules-2/files-2.1/org.jetbrains.kotlin/kotlin-stdlib/1.8.10/6d5560a229477df9406943d5feda5618e98eb64c/kotlin-stdlib-1.8.10.jar because:
  Build cache is disabled
  Caching not enabled.
Caching disabled for MergeInstrumentationAnalysisTransform: /home/runner/.gradle/caches/8.12/transforms/9067851559e9bc34e014fff3ed8b5294/transformed/analysis/instrumentation-hierarchy.bin because:
  Build cache is disabled
  Caching not enabled.
Caching disabled for MergeInstrumentationAnalysisTransform: /home/runner/.gradle/caches/8.12/transforms/9067851559e9bc34e014fff3ed8b5294/transformed/analysis/instrumentation-dependencies.bin because:
  Build cache is disabled
  Caching not enabled.
Caching disabled for MergeInstrumentationAnalysisTransform: /home/runner/.gradle/caches/modules-2/files-2.1/org.slf4j/slf4j-api/1.7.30/b5a4b6d16ab13e34a88fae84c35cd5d68cac922c/slf4j-api-1.7.30.jar because:
  Build cache is disabled
  Caching not enabled.
Caching disabled for ExternalDependencyInstrumentingArtifactTransform: /home/runner/.gradle/caches/8.12/transforms/42883871d2d0e6fe70f592170c2bb31a/transformed/merge/instrumentation-dependencies.bin because:
  Build cache is disabled
  Caching not enabled.
Caching disabled for ExternalDependencyInstrumentingArtifactTransform: /home/runner/.gradle/caches/modules-2/files-2.1/org.slf4j/slf4j-api/1.7.30/b5a4b6d16ab13e34a88fae84c35cd5d68cac922c/slf4j-api-1.7.30.jar because:
  Build cache is disabled
  Caching not enabled.
Caching disabled for MergeInstrumentationAnalysisTransform: /home/runner/.gradle/caches/8.12/transforms/65575df73d1399b32432842f8b42ea0a/transformed/analysis/instrumentation-hierarchy.bin because:
  Build cache is disabled
  Caching not enabled.
Caching disabled for MergeInstrumentationAnalysisTransform: /home/runner/.gradle/caches/8.12/transforms/65575df73d1399b32432842f8b42ea0a/transformed/analysis/instrumentation-dependencies.bin because:
  Build cache is disabled
  Caching not enabled.
Caching disabled for MergeInstrumentationAnalysisTransform: /home/runner/.gradle/caches/modules-2/files-2.1/com.diffplug.durian/durian-io/1.2.0/fc9c103d454d04f7c5b78b437190ea3bd15fb72c/durian-io-1.2.0.jar because:
  Build cache is disabled
  Caching not enabled.
Caching disabled for ExternalDependencyInstrumentingArtifactTransform: /home/runner/.gradle/caches/8.12/transforms/068da210677d03f22400948126d3543a/transformed/merge/instrumentation-dependencies.bin because:
  Build cache is disabled
  Caching not enabled.
Caching disabled for ExternalDependencyInstrumentingArtifactTransform: /home/runner/.gradle/caches/modules-2/files-2.1/org.jetbrains.kotlin/kotlin-reflect/1.3.61/2e07c9a84c9e118efb70eede7e579fd663932122/kotlin-reflect-1.3.61.jar because:
  Build cache is disabled
  Caching not enabled.
Caching disabled for MergeInstrumentationAnalysisTransform: /home/runner/.gradle/caches/8.12/transforms/873e7b7377158365ca88f2dd6c6b67ff/transformed/analysis/instrumentation-hierarchy.bin because:
  Build cache is disabled
  Caching not enabled.
Caching disabled for ExternalDependencyInstrumentingArtifactTransform: /home/runner/.gradle/caches/modules-2/files-2.1/com.diffplug.durian/durian-io/1.2.0/fc9c103d454d04f7c5b78b437190ea3bd15fb72c/durian-io-1.2.0.jar because:
  Build cache is disabled
  Caching not enabled.
Caching disabled for MergeInstrumentationAnalysisTransform: /home/runner/.gradle/caches/8.12/transforms/873e7b7377158365ca88f2dd6c6b67ff/transformed/analysis/instrumentation-dependencies.bin because:
  Build cache is disabled
  Caching not enabled.
Caching disabled for MergeInstrumentationAnalysisTransform: /home/runner/.gradle/caches/8.12/transforms/f6cfd9b0c515a4b9656cfa0131adbd59/transformed/analysis/instrumentation-hierarchy.bin because:
  Build cache is disabled
  Caching not enabled.
Caching disabled for MergeInstrumentationAnalysisTransform: /home/runner/.gradle/caches/8.12/transforms/f6cfd9b0c515a4b9656cfa0131adbd59/transformed/analysis/instrumentation-dependencies.bin because:
  Build cache is disabled
  Caching not enabled.
Caching disabled for MergeInstrumentationAnalysisTransform: /home/runner/.gradle/caches/modules-2/files-2.1/com.diffplug.durian/durian-core/1.2.0/ddf0b08f6dccae07bcb993645a7634cbe8f9b2f8/durian-core-1.2.0.jar because:
  Build cache is disabled
  Caching not enabled.
Caching disabled for MergeInstrumentationAnalysisTransform: /home/runner/.gradle/caches/modules-2/files-2.1/com.diffplug.durian/durian-collect/1.2.0/eee2085a0f894527ac841b05b442656115e2877c/durian-collect-1.2.0.jar because:
  Build cache is disabled
  Caching not enabled.
Caching disabled for ExternalDependencyInstrumentingArtifactTransform: /home/runner/.gradle/caches/8.12/transforms/dc7db480a5f23e8ef2f9a8f49e9cd1be/transformed/merge/instrumentation-dependencies.bin because:
  Build cache is disabled
  Caching not enabled.
Caching disabled for ExternalDependencyInstrumentingArtifactTransform: /home/runner/.gradle/caches/8.12/transforms/c9b5cb7fc45755ad69653ab75eac0845/transformed/merge/instrumentation-dependencies.bin because:
  Build cache is disabled
  Caching not enabled.
Caching disabled for ExternalDependencyInstrumentingArtifactTransform: /home/runner/.gradle/caches/modules-2/files-2.1/io.github.gradle-nexus/publish-plugin/2.0.0/f7afd5bc46da8059edb1d7f05163ce096d9e4c18/publish-plugin-2.0.0.jar because:
  Build cache is disabled
  Caching not enabled.
Caching disabled for MergeInstrumentationAnalysisTransform: /home/runner/.gradle/caches/8.12/transforms/58b8ad2c0579ab7a30665b50b943cb4e/transformed/analysis/instrumentation-hierarchy.bin because:
  Build cache is disabled
  Caching not enabled.
Caching disabled for MergeInstrumentationAnalysisTransform: /home/runner/.gradle/caches/8.12/transforms/58b8ad2c0579ab7a30665b50b943cb4e/transformed/analysis/instrumentation-dependencies.bin because:
  Build cache is disabled
  Caching not enabled.
Caching disabled for MergeInstrumentationAnalysisTransform: /home/runner/.gradle/caches/modules-2/files-2.1/com.diffplug.spotless/spotless-lib/2.30.0/8aa538fd70f8a141e8cc6ca288f05445548ad058/spotless-lib-2.30.0.jar because:
  Build cache is disabled
  Caching not enabled.
Caching disabled for ExternalDependencyInstrumentingArtifactTransform: /home/runner/.gradle/caches/8.12/transforms/4a12fbea8a079052abf3fe39bb13036d/transformed/merge/instrumentation-dependencies.bin because:
  Build cache is disabled
  Caching not enabled.
Caching disabled for ExternalDependencyInstrumentingArtifactTransform: /home/runner/.gradle/caches/modules-2/files-2.1/com.diffplug.durian/durian-core/1.2.0/ddf0b08f6dccae07bcb993645a7634cbe8f9b2f8/durian-core-1.2.0.jar because:
  Build cache is disabled
  Caching not enabled.
Caching disabled for MergeInstrumentationAnalysisTransform: /home/runner/.gradle/caches/8.12/transforms/a2e591cf930967357c4da532795be21f/transformed/analysis/instrumentation-dependencies.bin because:
  Build cache is disabled
  Caching not enabled.
Caching disabled for MergeInstrumentationAnalysisTransform: /home/runner/.gradle/caches/modules-2/files-2.1/org.jetbrains.kotlin/kotlin-stdlib-common/1.8.10/a61b182458550492c12aee66157d7b524a63a5ec/kotlin-stdlib-common-1.8.10.jar because:
  Build cache is disabled
  Caching not enabled.
Caching disabled for ExternalDependencyInstrumentingArtifactTransform: /home/runner/.gradle/caches/8.12/transforms/2981ef33abaf7f33fcab86549db8b8ef/transformed/merge/instrumentation-dependencies.bin because:
  Build cache is disabled
  Caching not enabled.
Caching disabled for ExternalDependencyInstrumentingArtifactTransform: /home/runner/.gradle/caches/modules-2/files-2.1/org.jetbrains.kotlin/kotlin-stdlib-common/1.8.10/a61b182458550492c12aee66157d7b524a63a5ec/kotlin-stdlib-common-1.8.10.jar because:
  Build cache is disabled
  Caching not enabled.
Caching disabled for MergeInstrumentationAnalysisTransform: /home/runner/.gradle/caches/8.12/transforms/68a3d92b0ca0e971bfb3c3dbba63dc62/transformed/analysis/instrumentation-dependencies.bin because:
  Build cache is disabled
  Caching not enabled.
Caching disabled for MergeInstrumentationAnalysisTransform: /home/runner/.gradle/caches/modules-2/files-2.1/org.jetbrains/annotations/13.0/919f0dfe192fb4e063e7dacadee7f8bb9a2672a9/annotations-13.0.jar because:
  Build cache is disabled
  Caching not enabled.
Caching disabled for ExternalDependencyInstrumentingArtifactTransform: /home/runner/.gradle/caches/8.12/transforms/2e2fe39535d070b65c597de060ef9f93/transformed/merge/instrumentation-dependencies.bin because:
  Build cache is disabled
  Caching not enabled.
Caching disabled for ExternalDependencyInstrumentingArtifactTransform: /home/runner/.gradle/caches/modules-2/files-2.1/org.jetbrains/annotations/13.0/919f0dfe192fb4e063e7dacadee7f8bb9a2672a9/annotations-13.0.jar because:
  Build cache is disabled
  Caching not enabled.
Caching disabled for MergeInstrumentationAnalysisTransform: /home/runner/.gradle/caches/8.12/transforms/7df96bd5f692374d36a0c13cd3dfa7e6/transformed/analysis/instrumentation-hierarchy.bin because:
  Build cache is disabled
  Caching not enabled.
Caching disabled for MergeInstrumentationAnalysisTransform: /home/runner/.gradle/caches/8.12/transforms/7df96bd5f692374d36a0c13cd3dfa7e6/transformed/analysis/instrumentation-dependencies.bin because:
  Build cache is disabled
  Caching not enabled.
Caching disabled for MergeInstrumentationAnalysisTransform: /home/runner/.gradle/caches/modules-2/files-2.1/com.googlecode.javaewah/JavaEWAH/1.1.13/32cd724a42dc73f99ca08453d11a4bb83e0034c7/JavaEWAH-1.1.13.jar because:
  Build cache is disabled
  Caching not enabled.
Caching disabled for ExternalDependencyInstrumentingArtifactTransform: /home/runner/.gradle/caches/modules-2/files-2.1/com.diffplug.spotless/spotless-lib/2.30.0/8aa538fd70f8a141e8cc6ca288f05445548ad058/spotless-lib-2.30.0.jar because:
  Build cache is disabled
  Caching not enabled.
Caching disabled for ExternalDependencyInstrumentingArtifactTransform: /home/runner/.gradle/caches/8.12/transforms/563556b380661d82c72b965d4199af5a/transformed/merge/instrumentation-dependencies.bin because:
  Build cache is disabled
  Caching not enabled.
Caching disabled for MergeInstrumentationAnalysisTransform: /home/runner/.gradle/caches/8.12/transforms/aa747bc8093fe40aa5186e96f50aa656/transformed/analysis/instrumentation-hierarchy.bin because:
  Build cache is disabled
  Caching not enabled.
Caching disabled for MergeInstrumentationAnalysisTransform: /home/runner/.gradle/caches/8.12/transforms/aa747bc8093fe40aa5186e96f50aa656/transformed/analysis/instrumentation-dependencies.bin because:
  Build cache is disabled
  Caching not enabled.
Caching disabled for MergeInstrumentationAnalysisTransform: /home/runner/.gradle/caches/modules-2/files-2.1/com.googlecode.concurrent-trees/concurrent-trees/2.6.1/9b647240522ab67c003de9b6702ca81ac0c15efc/concurrent-trees-2.6.1.jar because:
  Build cache is disabled
  Caching not enabled.
Caching disabled for ExternalDependencyInstrumentingArtifactTransform: /home/runner/.gradle/caches/8.12/transforms/0bba22fa7b7e9d4f8d15fb2a1373ad39/transformed/merge/instrumentation-dependencies.bin because:
  Build cache is disabled
  Caching not enabled.
Caching disabled for ExternalDependencyInstrumentingArtifactTransform: /home/runner/.gradle/caches/modules-2/files-2.1/com.googlecode.javaewah/JavaEWAH/1.1.13/32cd724a42dc73f99ca08453d11a4bb83e0034c7/JavaEWAH-1.1.13.jar because:
  Build cache is disabled
  Caching not enabled.
Caching disabled for MergeInstrumentationAnalysisTransform: /home/runner/.gradle/caches/8.12/transforms/ebaf006ace5ff5a50384493fbbbc7c12/transformed/analysis/instrumentation-hierarchy.bin because:
  Build cache is disabled
  Caching not enabled.
Caching disabled for MergeInstrumentationAnalysisTransform: /home/runner/.gradle/caches/8.12/transforms/ebaf006ace5ff5a50384493fbbbc7c12/transformed/analysis/instrumentation-dependencies.bin because:
  Build cache is disabled
  Caching not enabled.
Caching disabled for MergeInstrumentationAnalysisTransform: /home/runner/.gradle/caches/modules-2/files-2.1/org.codehaus.groovy/groovy-xml/3.0.10/5367241b0c5d4638c0e8371028a2d19a0af35156/groovy-xml-3.0.10.jar because:
  Build cache is disabled
  Caching not enabled.
Caching disabled for ExternalDependencyInstrumentingArtifactTransform: /home/runner/.gradle/caches/modules-2/files-2.1/org.eclipse.jgit/org.eclipse.jgit/5.13.1.202206130422-r/841d1ae74e4bc77ac7d4b106f15d0468dc7ac7f2/org.eclipse.jgit-5.13.1.202206130422-r.jar because:
  Build cache is disabled
  Caching not enabled.
Caching disabled for ExternalDependencyInstrumentingArtifactTransform: /home/runner/.gradle/caches/modules-2/files-2.1/com.googlecode.concurrent-trees/concurrent-trees/2.6.1/9b647240522ab67c003de9b6702ca81ac0c15efc/concurrent-trees-2.6.1.jar because:
  Build cache is disabled
  Caching not enabled.
Caching disabled for ExternalDependencyInstrumentingArtifactTransform: /home/runner/.gradle/caches/8.12/transforms/0008a58bd9aad2e5391ca2990c8d0b23/transformed/merge/instrumentation-dependencies.bin because:
  Build cache is disabled
  Caching not enabled.
Caching disabled for MergeInstrumentationAnalysisTransform: /home/runner/.gradle/caches/8.12/transforms/0448053e54952a3ca87a56a830f29346/transformed/analysis/instrumentation-hierarchy.bin because:
  Build cache is disabled
  Caching not enabled.
Caching disabled for MergeInstrumentationAnalysisTransform: /home/runner/.gradle/caches/8.12/transforms/0448053e54952a3ca87a56a830f29346/transformed/analysis/instrumentation-dependencies.bin because:
  Build cache is disabled
  Caching not enabled.
Caching disabled for MergeInstrumentationAnalysisTransform: /home/runner/.gradle/caches/modules-2/files-2.1/org.codehaus.groovy/groovy/3.0.10/b92c72a758f468e64b55e38abe06afa873decdba/groovy-3.0.10.jar because:
  Build cache is disabled
  Caching not enabled.
Caching disabled for ExternalDependencyInstrumentingArtifactTransform: /home/runner/.gradle/caches/8.12/transforms/6091017a3f71c425b2638896fd41c752/transformed/merge/instrumentation-dependencies.bin because:
  Build cache is disabled
  Caching not enabled.
Caching disabled for ExternalDependencyInstrumentingArtifactTransform: /home/runner/.gradle/caches/modules-2/files-2.1/org.codehaus.groovy/groovy-xml/3.0.10/5367241b0c5d4638c0e8371028a2d19a0af35156/groovy-xml-3.0.10.jar because:
  Build cache is disabled
  Caching not enabled.
Caching disabled for ExternalDependencyInstrumentingArtifactTransform: /home/runner/.gradle/caches/modules-2/files-2.1/com.diffplug.durian/durian-collect/1.2.0/eee2085a0f894527ac841b05b442656115e2877c/durian-collect-1.2.0.jar because:
  Build cache is disabled
  Caching not enabled.
Caching disabled for ExternalDependencyInstrumentingArtifactTransform: /home/runner/.gradle/caches/modules-2/files-2.1/org.codehaus.groovy/groovy/3.0.10/b92c72a758f468e64b55e38abe06afa873decdba/groovy-3.0.10.jar because:
  Build cache is disabled
  Caching not enabled.
Caching disabled for Groovy DSL script compilation (proj) because:
  Build cache is disabled
  Not worth caching.
Compiling build file '/home/runner/work/java-profiler/java-profiler/build.gradle' using BuildScriptTransformer.
Caching disabled for Groovy DSL script compilation (cp_dsl) because:
  Build cache is disabled
  Not worth caching.
Compiling script '/home/runner/work/java-profiler/java-profiler/common.gradle' using SubsetScriptTransformer.
Caching disabled for Groovy DSL script compilation (dsl) because:
  Build cache is disabled
  Not worth caching.
Compiling script '/home/runner/work/java-profiler/java-profiler/common.gradle' using BuildScriptTransformer.
GTest not found. Please install GTest or configure paths.
Caching disabled for Groovy DSL script compilation (cp_dsl) because:
  Build cache is disabled
  Not worth caching.
Compiling script '/home/runner/work/java-profiler/java-profiler/gradle/configurations.gradle' using SubsetScriptTransformer.
Caching disabled for Groovy DSL script compilation (dsl) because:
  Build cache is disabled
  Not worth caching.
Compiling script '/home/runner/work/java-profiler/java-profiler/gradle/configurations.gradle' using BuildScriptTransformer.
GTest not found. Please install GTest or configure paths.
Caching disabled for Groovy DSL script compilation (cp_dsl) because:
  Build cache is disabled
  Not worth caching.
Compiling script '/home/runner/work/java-profiler/java-profiler/gradle/spotless.gradle' using SubsetScriptTransformer.
Caching disabled for Groovy DSL script compilation (dsl) because:
  Build cache is disabled
  Not worth caching.
Compiling script '/home/runner/work/java-profiler/java-profiler/gradle/spotless.gradle' using BuildScriptTransformer.
GTest not found. Please install GTest or configure paths.
GTest not found. Please install GTest or configure paths.
GTest not found. Please install GTest or configure paths.
GTest not found. Please install GTest or configure paths.
GTest not found. Please install GTest or configure paths.
GTest not found. Please install GTest or configure paths.
GTest not found. Please install GTest or configure paths.
GTest not found. Please install GTest or configure paths.
GTest not found. Please install GTest or configure paths.
GTest not found. Please install GTest or configure paths.
GTest not found. Please install GTest or configure paths.
GTest not found. Please install GTest or configure paths.
GTest not found. Please install GTest or configure paths.
GTest not found. Please install GTest or configure paths.
GTest not found. Please install GTest or configure paths.
GTest not found. Please install GTest or configure paths.
GTest not found. Please install GTest or configure paths.
GTest not found. Please install GTest or configure paths.
GTest not found. Please install GTest or configure paths.
GTest not found. Please install GTest or configure paths.
GTest not found. Please install GTest or configure paths.
GTest not found. Please install GTest or configure paths.
GTest not found. Please install GTest or configure paths.
GTest not found. Please install GTest or configure paths.
GTest not found. Please install GTest or configure paths.
GTest not found. Please install GTest or configure paths.
GTest not found. Please install GTest or configure paths.

> Configure project :ddprof-lib
Evaluating project ':ddprof-lib' using build file '/home/runner/work/java-profiler/java-profiler/ddprof-lib/build.gradle'.
Caching disabled for Groovy DSL script compilation (cp_proj) because:
  Build cache is disabled
  Not worth caching.
Compiling build file '/home/runner/work/java-profiler/java-profiler/ddprof-lib/build.gradle' using SubsetScriptTransformer.
Resolved plugin [id: 'cpp-library']
Resolved plugin [id: 'java']
Resolved plugin [id: 'maven-publish']
Resolved plugin [id: 'signing']
Downloading https://plugins.gradle.org/m2/com/github/ben-manes/versions/com.github.ben-manes.versions.gradle.plugin/0.27.0/com.github.ben-manes.versions.gradle.plugin-0.27.0.pom to /home/runner/.gradle/.tmp/gradle_download12421356021343372747bin
Resource missing. [HTTP HEAD: https://plugins.gradle.org/m2/com/github/ben-manes/versions/com.github.ben-manes.versions.gradle.plugin/0.27.0/com.github.ben-manes.versions.gradle.plugin-0.27.0.jar]
Resolved plugin [id: 'com.github.ben-manes.versions', version: '0.27.0']
Downloading https://plugins.gradle.org/m2/de/undercouch/download/de.undercouch.download.gradle.plugin/4.1.1/de.undercouch.download.gradle.plugin-4.1.1.pom to /home/runner/.gradle/.tmp/gradle_download4798899824721224859bin
Resource missing. [HTTP HEAD: https://plugins.gradle.org/m2/de/undercouch/download/de.undercouch.download.gradle.plugin/4.1.1/de.undercouch.download.gradle.plugin-4.1.1.jar]
Resolved plugin [id: 'de.undercouch.download', version: '4.1.1']
Downloading https://plugins.gradle.org/m2/com/github/ben-manes/gradle-versions-plugin/0.27.0/gradle-versions-plugin-0.27.0.pom to /home/runner/.gradle/.tmp/gradle_download17511161433388588254bin
Downloading https://plugins.gradle.org/m2/de/undercouch/gradle-download-task/4.1.1/gradle-download-task-4.1.1.pom to /home/runner/.gradle/.tmp/gradle_download17978603069152971219bin
Downloading https://plugins.gradle.org/m2/com/thoughtworks/xstream/xstream/1.4.10/xstream-1.4.10.pom to /home/runner/.gradle/.tmp/gradle_download5350940598912881116bin
Downloading https://plugins.gradle.org/m2/com/thoughtworks/xstream/xstream-parent/1.4.10/xstream-parent-1.4.10.pom to /home/runner/.gradle/.tmp/gradle_download13008297647333965673bin
Downloading https://plugins.gradle.org/m2/xpp3/xpp3_min/1.1.4c/xpp3_min-1.1.4c.pom to /home/runner/.gradle/.tmp/gradle_download14841487356557395154bin
Downloading https://plugins.gradle.org/m2/xmlpull/xmlpull/1.1.3.1/xmlpull-1.1.3.1.pom to /home/runner/.gradle/.tmp/gradle_download13793792444227290640bin
Downloading https://plugins.gradle.org/m2/com/thoughtworks/xstream/xstream/1.4.10/xstream-1.4.10.jar to /home/runner/.gradle/.tmp/gradle_download6881465142468857503bin
Downloading https://plugins.gradle.org/m2/xmlpull/xmlpull/1.1.3.1/xmlpull-1.1.3.1.jar to /home/runner/.gradle/.tmp/gradle_download5012066017105802704bin
Downloading https://plugins.gradle.org/m2/de/undercouch/gradle-download-task/4.1.1/gradle-download-task-4.1.1.jar to /home/runner/.gradle/.tmp/gradle_download8012735305766761728bin
Downloading https://plugins.gradle.org/m2/com/github/ben-manes/gradle-versions-plugin/0.27.0/gradle-versions-plugin-0.27.0.jar to /home/runner/.gradle/.tmp/gradle_download16159036914151561763bin
Downloading https://plugins.gradle.org/m2/xpp3/xpp3_min/1.1.4c/xpp3_min-1.1.4c.jar to /home/runner/.gradle/.tmp/gradle_download5755796831858687015bin
Caching disabled for InstrumentationAnalysisTransform: /home/runner/.gradle/caches/modules-2/files-2.1/com.github.ben-manes/gradle-versions-plugin/0.27.0/8d3ea64868ab160594400e667dde4872a9b0a219/gradle-versions-plugin-0.27.0.jar because:
  Build cache is disabled
  Caching not enabled.
Caching disabled for InstrumentationAnalysisTransform: /home/runner/.gradle/caches/modules-2/files-2.1/de.undercouch/gradle-download-task/4.1.1/7a57e30e285bd972cd73e91c0ad16155e29b18ee/gradle-download-task-4.1.1.jar because:
  Build cache is disabled
  Caching not enabled.
Caching disabled for InstrumentationAnalysisTransform: /home/runner/.gradle/caches/modules-2/files-2.1/com.thoughtworks.xstream/xstream/1.4.10/dfecae23647abc9d9fd0416629a4213a3882b101/xstream-1.4.10.jar because:
  Build cache is disabled
  Caching not enabled.
Caching disabled for InstrumentationAnalysisTransform: /home/runner/.gradle/caches/modules-2/files-2.1/xmlpull/xmlpull/1.1.3.1/2b8e230d2ab644e4ecaa94db7cdedbc40c805dfa/xmlpull-1.1.3.1.jar because:
  Build cache is disabled
  Caching not enabled.
Caching disabled for InstrumentationAnalysisTransform: /home/runner/.gradle/caches/modules-2/files-2.1/xpp3/xpp3_min/1.1.4c/19d4e90b43059058f6e056f794f0ea4030d60b86/xpp3_min-1.1.4c.jar because:
  Build cache is disabled
  Caching not enabled.
Caching disabled for MergeInstrumentationAnalysisTransform: /home/runner/.gradle/caches/8.12/transforms/445e51f1a8ef40ee1bea2c71899d562c/transformed/.gradle-instrumented-classpath.marker because:
  Build cache is disabled
  Caching not enabled.
Caching disabled for MergeInstrumentationAnalysisTransform: /home/runner/.gradle/caches/8.12/transforms/5eb3dd26b97d3beadc0b5cd3c884467e/transformed/analysis/instrumentation-hierarchy.bin because:
  Build cache is disabled
  Caching not enabled.
Caching disabled for MergeInstrumentationAnalysisTransform: /home/runner/.gradle/caches/8.12/transforms/73f9fa2e15e6f3186022541f4e26b7f1/transformed/analysis/instrumentation-hierarchy.bin because:
  Build cache is disabled
  Caching not enabled.
Caching disabled for MergeInstrumentationAnalysisTransform: /home/runner/.gradle/caches/8.12/transforms/445e51f1a8ef40ee1bea2c71899d562c/transformed/analysis/instrumentation-hierarchy.bin because:
  Build cache is disabled
  Caching not enabled.
Caching disabled for MergeInstrumentationAnalysisTransform: /home/runner/.gradle/caches/8.12/transforms/3055eec6a1b79cddb09390da34d595c3/transformed/analysis/instrumentation-hierarchy.bin because:
  Build cache is disabled
  Caching not enabled.
Caching disabled for MergeInstrumentationAnalysisTransform: /home/runner/.gradle/caches/8.12/transforms/445e51f1a8ef40ee1bea2c71899d562c/transformed/analysis/instrumentation-dependencies.bin because:
  Build cache is disabled
  Caching not enabled.
Caching disabled for MergeInstrumentationAnalysisTransform: /home/runner/.gradle/caches/8.12/transforms/5eb3dd26b97d3beadc0b5cd3c884467e/transformed/analysis/instrumentation-dependencies.bin because:
  Build cache is disabled
  Caching not enabled.
Caching disabled for MergeInstrumentationAnalysisTransform: /home/runner/.gradle/caches/8.12/transforms/73f9fa2e15e6f3186022541f4e26b7f1/transformed/analysis/instrumentation-dependencies.bin because:
  Build cache is disabled
  Caching not enabled.
Caching disabled for MergeInstrumentationAnalysisTransform: /home/runner/.gradle/caches/8.12/transforms/3055eec6a1b79cddb09390da34d595c3/transformed/analysis/instrumentation-dependencies.bin because:
  Build cache is disabled
  Caching not enabled.
Caching disabled for MergeInstrumentationAnalysisTransform: /home/runner/.gradle/caches/modules-2/files-2.1/com.github.ben-manes/gradle-versions-plugin/0.27.0/8d3ea64868ab160594400e667dde4872a9b0a219/gradle-versions-plugin-0.27.0.jar because:
  Build cache is disabled
  Caching not enabled.
Caching disabled for MergeInstrumentationAnalysisTransform: /home/runner/.gradle/caches/modules-2/files-2.1/com.thoughtworks.xstream/xstream/1.4.10/dfecae23647abc9d9fd0416629a4213a3882b101/xstream-1.4.10.jar because:
  Build cache is disabled
  Caching not enabled.
Caching disabled for MergeInstrumentationAnalysisTransform: /home/runner/.gradle/caches/modules-2/files-2.1/xmlpull/xmlpull/1.1.3.1/2b8e230d2ab644e4ecaa94db7cdedbc40c805dfa/xmlpull-1.1.3.1.jar because:
  Build cache is disabled
  Caching not enabled.
Caching disabled for MergeInstrumentationAnalysisTransform: /home/runner/.gradle/caches/modules-2/files-2.1/de.undercouch/gradle-download-task/4.1.1/7a57e30e285bd972cd73e91c0ad16155e29b18ee/gradle-download-task-4.1.1.jar because:
  Build cache is disabled
  Caching not enabled.
Caching disabled for ExternalDependencyInstrumentingArtifactTransform: /home/runner/.gradle/caches/8.12/transforms/aef1f5aece130dc0268dae164ec89f38/transformed/merge/instrumentation-dependencies.bin because:
  Build cache is disabled
  Caching not enabled.
Caching disabled for ExternalDependencyInstrumentingArtifactTransform: /home/runner/.gradle/caches/8.12/transforms/9aec7cd171ffa38454c8125228fe3d70/transformed/merge/instrumentation-dependencies.bin because:
  Build cache is disabled
  Caching not enabled.
Caching disabled for ExternalDependencyInstrumentingArtifactTransform: /home/runner/.gradle/caches/8.12/transforms/9f1a7987d6625f1d7996fa3f14f1ab7e/transformed/merge/instrumentation-dependencies.bin because:
  Build cache is disabled
  Caching not enabled.
Caching disabled for ExternalDependencyInstrumentingArtifactTransform: /home/runner/.gradle/caches/8.12/transforms/801afc881aa01cf1b1aefa59b9f0e2c5/transformed/merge/instrumentation-dependencies.bin because:
  Build cache is disabled
  Caching not enabled.
Caching disabled for ExternalDependencyInstrumentingArtifactTransform: /home/runner/.gradle/caches/modules-2/files-2.1/xmlpull/xmlpull/1.1.3.1/2b8e230d2ab644e4ecaa94db7cdedbc40c805dfa/xmlpull-1.1.3.1.jar because:
  Build cache is disabled
  Caching not enabled.
Caching disabled for MergeInstrumentationAnalysisTransform: /home/runner/.gradle/caches/8.12/transforms/f12c7a9ba99f340a30df54cdf39a51ce/transformed/analysis/instrumentation-hierarchy.bin because:
  Build cache is disabled
  Caching not enabled.
Caching disabled for MergeInstrumentationAnalysisTransform: /home/runner/.gradle/caches/8.12/transforms/f12c7a9ba99f340a30df54cdf39a51ce/transformed/analysis/instrumentation-dependencies.bin because:
  Build cache is disabled
  Caching not enabled.
Caching disabled for MergeInstrumentationAnalysisTransform: /home/runner/.gradle/caches/modules-2/files-2.1/xpp3/xpp3_min/1.1.4c/19d4e90b43059058f6e056f794f0ea4030d60b86/xpp3_min-1.1.4c.jar because:
  Build cache is disabled
  Caching not enabled.
Caching disabled for ExternalDependencyInstrumentingArtifactTransform: /home/runner/.gradle/caches/8.12/transforms/d9a0d19c2c5d88a32fe76b997fa4df16/transformed/merge/instrumentation-dependencies.bin because:
  Build cache is disabled
  Caching not enabled.
Caching disabled for ExternalDependencyInstrumentingArtifactTransform: /home/runner/.gradle/caches/modules-2/files-2.1/xpp3/xpp3_min/1.1.4c/19d4e90b43059058f6e056f794f0ea4030d60b86/xpp3_min-1.1.4c.jar because:
  Build cache is disabled
  Caching not enabled.
Caching disabled for ExternalDependencyInstrumentingArtifactTransform: /home/runner/.gradle/caches/modules-2/files-2.1/com.github.ben-manes/gradle-versions-plugin/0.27.0/8d3ea64868ab160594400e667dde4872a9b0a219/gradle-versions-plugin-0.27.0.jar because:
  Build cache is disabled
  Caching not enabled.
Caching disabled for ExternalDependencyInstrumentingArtifactTransform: /home/runner/.gradle/caches/modules-2/files-2.1/com.thoughtworks.xstream/xstream/1.4.10/dfecae23647abc9d9fd0416629a4213a3882b101/xstream-1.4.10.jar because:
  Build cache is disabled
  Caching not enabled.
Caching disabled for ExternalDependencyInstrumentingArtifactTransform: /home/runner/.gradle/caches/modules-2/files-2.1/de.undercouch/gradle-download-task/4.1.1/7a57e30e285bd972cd73e91c0ad16155e29b18ee/gradle-download-task-4.1.1.jar because:
  Build cache is disabled
  Caching not enabled.
Caching disabled for Groovy DSL script compilation (proj) because:
  Build cache is disabled
  Not worth caching.
Compiling build file '/home/runner/work/java-profiler/java-profiler/ddprof-lib/build.gradle' using BuildScriptTransformer.
Downloading https://repo.maven.apache.org/maven2/com/github/spotbugs/spotbugs-annotations/4.0.2/spotbugs-annotations-4.0.2.pom to /home/runner/.gradle/.tmp/gradle_download9550201979363303602bin
Downloading https://repo.maven.apache.org/maven2/com/diffplug/spotless/spotless-eclipse-groovy/4.3.0/spotless-eclipse-groovy-4.3.0.pom to /home/runner/.gradle/.tmp/gradle_download14597204788202705575bin
Downloading https://repo.maven.apache.org/maven2/com/google/code/findbugs/jsr305/3.0.2/jsr305-3.0.2.pom to /home/runner/.gradle/.tmp/gradle_download4631855466008269164bin
Downloading https://repo.maven.apache.org/maven2/com/diffplug/spotless/spotless-eclipse-base/3.5.2/spotless-eclipse-base-3.5.2.pom to /home/runner/.gradle/.tmp/gradle_download16928636118870486316bin
Downloading https://repo.maven.apache.org/maven2/com/github/spotbugs/spotbugs-annotations/4.0.2/spotbugs-annotations-4.0.2.module to /home/runner/.gradle/.tmp/gradle_download13547759899394236991bin
Downloading https://repo.maven.apache.org/maven2/com/diffplug/spotless/spotless-eclipse-groovy/4.3.0/spotless-eclipse-groovy-4.3.0.module to /home/runner/.gradle/.tmp/gradle_download11708490210078375609bin
Downloading https://repo.maven.apache.org/maven2/com/diffplug/spotless/spotless-eclipse-base/3.5.2/spotless-eclipse-base-3.5.2.module to /home/runner/.gradle/.tmp/gradle_download437568557867329434bin
Downloading https://repo.maven.apache.org/maven2/net/jcip/jcip-annotations/1.0/jcip-annotations-1.0.pom to /home/runner/.gradle/.tmp/gradle_download1345738614385924444bin
Downloading https://repo.maven.apache.org/maven2/org/eclipse/platform/org.eclipse.core.commands/3.10.100/org.eclipse.core.commands-3.10.100.pom to /home/runner/.gradle/.tmp/gradle_download6403963114838937049bin
Downloading https://repo.maven.apache.org/maven2/org/eclipse/platform/org.eclipse.core.contenttype/3.8.0/org.eclipse.core.contenttype-3.8.0.pom to /home/runner/.gradle/.tmp/gradle_download6820358398477980529bin
Downloading https://repo.maven.apache.org/maven2/org/eclipse/platform/org.eclipse.core.filesystem/1.9.100/org.eclipse.core.filesystem-1.9.100.pom to /home/runner/.gradle/.tmp/gradle_download1993020763436426bin
Downloading https://repo.maven.apache.org/maven2/org/eclipse/platform/org.eclipse.core.jobs/3.12.0/org.eclipse.core.jobs-3.12.0.pom to /home/runner/.gradle/.tmp/gradle_download2719061290596883676bin
Downloading https://repo.maven.apache.org/maven2/org/eclipse/platform/org.eclipse.core.resources/3.15.100/org.eclipse.core.resources-3.15.100.pom to /home/runner/.gradle/.tmp/gradle_download11564274067335523613bin
Downloading https://repo.maven.apache.org/maven2/org/eclipse/platform/org.eclipse.core.runtime/3.23.0/org.eclipse.core.runtime-3.23.0.pom to /home/runner/.gradle/.tmp/gradle_download12714136290751392974bin
Downloading https://repo.maven.apache.org/maven2/org/eclipse/platform/org.eclipse.equinox.app/1.6.0/org.eclipse.equinox.app-1.6.0.pom to /home/runner/.gradle/.tmp/gradle_download4754871782068409661bin
Downloading https://repo.maven.apache.org/maven2/org/eclipse/platform/org.eclipse.equinox.common/3.15.0/org.eclipse.equinox.common-3.15.0.pom to /home/runner/.gradle/.tmp/gradle_download3426698333083394723bin
Downloading https://repo.maven.apache.org/maven2/org/eclipse/platform/org.eclipse.equinox.preferences/3.9.0/org.eclipse.equinox.preferences-3.9.0.pom to /home/runner/.gradle/.tmp/gradle_download9020297340390932779bin
Downloading https://repo.maven.apache.org/maven2/org/eclipse/platform/org.eclipse.equinox.registry/3.11.0/org.eclipse.equinox.registry-3.11.0.pom to /home/runner/.gradle/.tmp/gradle_download4111025913411129651bin
Downloading https://repo.maven.apache.org/maven2/org/eclipse/platform/org.eclipse.jface.text/3.18.100/org.eclipse.jface.text-3.18.100.pom to /home/runner/.gradle/.tmp/gradle_download13165460740580473300bin
Downloading https://repo.maven.apache.org/maven2/org/eclipse/platform/org.eclipse.jface/3.23.0/org.eclipse.jface-3.23.0.pom to /home/runner/.gradle/.tmp/gradle_download9859081877496385184bin
Downloading https://repo.maven.apache.org/maven2/org/eclipse/platform/org.eclipse.osgi/3.17.0/org.eclipse.osgi-3.17.0.pom to /home/runner/.gradle/.tmp/gradle_download1367343721796605720bin
Downloading https://repo.maven.apache.org/maven2/org/eclipse/platform/org.eclipse.text/3.12.0/org.eclipse.text-3.12.0.pom to /home/runner/.gradle/.tmp/gradle_download17616019908501645012bin
Downloading https://repo.maven.apache.org/maven2/com/google/code/findbugs/jsr305/3.0.2/jsr305-3.0.2.jar to /home/runner/.gradle/.tmp/gradle_download10867362261974823519bin
Downloading https://repo.maven.apache.org/maven2/com/diffplug/spotless/spotless-eclipse-base/3.5.2/spotless-eclipse-base-3.5.2.jar to /home/runner/.gradle/.tmp/gradle_download4174706160949232891bin
Downloading https://repo.maven.apache.org/maven2/com/github/spotbugs/spotbugs-annotations/4.0.2/spotbugs-annotations-4.0.2.jar to /home/runner/.gradle/.tmp/gradle_download9730645202525904665bin
Downloading https://repo.maven.apache.org/maven2/com/diffplug/spotless/spotless-eclipse-groovy/4.3.0/spotless-eclipse-groovy-4.3.0.jar to /home/runner/.gradle/.tmp/gradle_download14089389255976903989bin
Downloading https://repo.maven.apache.org/maven2/org/eclipse/platform/org.eclipse.core.commands/3.10.100/org.eclipse.core.commands-3.10.100.jar to /home/runner/.gradle/.tmp/gradle_download5122198158155555757bin
Downloading https://repo.maven.apache.org/maven2/net/jcip/jcip-annotations/1.0/jcip-annotations-1.0.jar to /home/runner/.gradle/.tmp/gradle_download9294844452205752499bin
Downloading https://repo.maven.apache.org/maven2/org/eclipse/platform/org.eclipse.core.contenttype/3.8.0/org.eclipse.core.contenttype-3.8.0.jar to /home/runner/.gradle/.tmp/gradle_download4455055546731527542bin
Downloading https://repo.maven.apache.org/maven2/org/eclipse/platform/org.eclipse.core.filesystem/1.9.100/org.eclipse.core.filesystem-1.9.100.jar to /home/runner/.gradle/.tmp/gradle_download10121090433173629708bin
Downloading https://repo.maven.apache.org/maven2/org/eclipse/platform/org.eclipse.core.jobs/3.12.0/org.eclipse.core.jobs-3.12.0.jar to /home/runner/.gradle/.tmp/gradle_download5044723756790488245bin
Downloading https://repo.maven.apache.org/maven2/org/eclipse/platform/org.eclipse.core.resources/3.15.100/org.eclipse.core.resources-3.15.100.jar to /home/runner/.gradle/.tmp/gradle_download17947039507470155953bin
Downloading https://repo.maven.apache.org/maven2/org/eclipse/platform/org.eclipse.core.runtime/3.23.0/org.eclipse.core.runtime-3.23.0.jar to /home/runner/.gradle/.tmp/gradle_download14954796123468284191bin
Downloading https://repo.maven.apache.org/maven2/org/eclipse/platform/org.eclipse.equinox.app/1.6.0/org.eclipse.equinox.app-1.6.0.jar to /home/runner/.gradle/.tmp/gradle_download18188638443372271495bin
Downloading https://repo.maven.apache.org/maven2/org/eclipse/platform/org.eclipse.equinox.common/3.15.0/org.eclipse.equinox.common-3.15.0.jar to /home/runner/.gradle/.tmp/gradle_download934488477942627409bin
Downloading https://repo.maven.apache.org/maven2/org/eclipse/platform/org.eclipse.equinox.preferences/3.9.0/org.eclipse.equinox.preferences-3.9.0.jar to /home/runner/.gradle/.tmp/gradle_download10434227217652292267bin
Downloading https://repo.maven.apache.org/maven2/org/eclipse/platform/org.eclipse.equinox.registry/3.11.0/org.eclipse.equinox.registry-3.11.0.jar to /home/runner/.gradle/.tmp/gradle_download5531174486979320926bin
Downloading https://repo.maven.apache.org/maven2/org/eclipse/platform/org.eclipse.jface.text/3.18.100/org.eclipse.jface.text-3.18.100.jar to /home/runner/.gradle/.tmp/gradle_download17059317836573960097bin
Downloading https://repo.maven.apache.org/maven2/org/eclipse/platform/org.eclipse.jface/3.23.0/org.eclipse.jface-3.23.0.jar to /home/runner/.gradle/.tmp/gradle_download490600982874460497bin
Downloading https://repo.maven.apache.org/maven2/org/eclipse/platform/org.eclipse.osgi/3.17.0/org.eclipse.osgi-3.17.0.jar to /home/runner/.gradle/.tmp/gradle_download16294063914814324943bin
Downloading https://repo.maven.apache.org/maven2/org/eclipse/platform/org.eclipse.text/3.12.0/org.eclipse.text-3.12.0.jar to /home/runner/.gradle/.tmp/gradle_download12111421970008429977bin
Downloading https://repo.maven.apache.org/maven2/com/pinterest/ktlint/0.41.0/ktlint-0.41.0.pom to /home/runner/.gradle/.tmp/gradle_download8375428676194862400bin
Downloading https://repo.maven.apache.org/maven2/com/pinterest/ktlint/0.41.0/ktlint-0.41.0.module to /home/runner/.gradle/.tmp/gradle_download1110744880142821570bin
Downloading https://repo.maven.apache.org/maven2/com/pinterest/ktlint/ktlint-reporter-checkstyle/0.41.0/ktlint-reporter-checkstyle-0.41.0.pom to /home/runner/.gradle/.tmp/gradle_download15209717788114599218bin
Downloading https://repo.maven.apache.org/maven2/com/pinterest/ktlint/ktlint-reporter-baseline/0.41.0/ktlint-reporter-baseline-0.41.0.pom to /home/runner/.gradle/.tmp/gradle_download15929832690546363176bin
Downloading https://repo.maven.apache.org/maven2/com/pinterest/ktlint/ktlint-reporter-json/0.41.0/ktlint-reporter-json-0.41.0.pom to /home/runner/.gradle/.tmp/gradle_download15253286931208734486bin
Downloading https://repo.maven.apache.org/maven2/com/pinterest/ktlint/ktlint-core/0.41.0/ktlint-core-0.41.0.pom to /home/runner/.gradle/.tmp/gradle_download2303137385764354616bin
Downloading https://repo.maven.apache.org/maven2/com/pinterest/ktlint/ktlint-reporter-checkstyle/0.41.0/ktlint-reporter-checkstyle-0.41.0.module to /home/runner/.gradle/.tmp/gradle_download7074966469274743785bin
Downloading https://repo.maven.apache.org/maven2/com/pinterest/ktlint/ktlint-reporter-baseline/0.41.0/ktlint-reporter-baseline-0.41.0.module to /home/runner/.gradle/.tmp/gradle_download12167726819914719171bin
Downloading https://repo.maven.apache.org/maven2/com/pinterest/ktlint/ktlint-reporter-json/0.41.0/ktlint-reporter-json-0.41.0.module to /home/runner/.gradle/.tmp/gradle_download5700218958449275793bin
Downloading https://repo.maven.apache.org/maven2/com/pinterest/ktlint/ktlint-core/0.41.0/ktlint-core-0.41.0.module to /home/runner/.gradle/.tmp/gradle_download15457418537853012757bin
Downloading https://repo.maven.apache.org/maven2/com/pinterest/ktlint/ktlint-reporter-html/0.41.0/ktlint-reporter-html-0.41.0.pom to /home/runner/.gradle/.tmp/gradle_download3627168002957630913bin
Downloading https://repo.maven.apache.org/maven2/com/pinterest/ktlint/ktlint-reporter-plain/0.41.0/ktlint-reporter-plain-0.41.0.pom to /home/runner/.gradle/.tmp/gradle_download10443244468893572915bin
Downloading https://repo.maven.apache.org/maven2/com/pinterest/ktlint/ktlint-ruleset-experimental/0.41.0/ktlint-ruleset-experimental-0.41.0.pom to /home/runner/.gradle/.tmp/gradle_download5435916293710023401bin
Downloading https://repo.maven.apache.org/maven2/com/pinterest/ktlint/ktlint-ruleset-standard/0.41.0/ktlint-ruleset-standard-0.41.0.pom to /home/runner/.gradle/.tmp/gradle_download6109454108045737738bin
Downloading https://repo.maven.apache.org/maven2/com/pinterest/ktlint/ktlint-reporter-html/0.41.0/ktlint-reporter-html-0.41.0.module to /home/runner/.gradle/.tmp/gradle_download12860700490711225581bin
Downloading https://repo.maven.apache.org/maven2/com/pinterest/ktlint/ktlint-reporter-plain/0.41.0/ktlint-reporter-plain-0.41.0.module to /home/runner/.gradle/.tmp/gradle_download7086759668413694705bin
Downloading https://repo.maven.apache.org/maven2/com/pinterest/ktlint/ktlint-ruleset-experimental/0.41.0/ktlint-ruleset-experimental-0.41.0.module to /home/runner/.gradle/.tmp/gradle_download3118361682919165669bin
Downloading https://repo.maven.apache.org/maven2/com/pinterest/ktlint/ktlint-ruleset-standard/0.41.0/ktlint-ruleset-standard-0.41.0.module to /home/runner/.gradle/.tmp/gradle_download10065860231830500167bin
Downloading https://repo.maven.apache.org/maven2/org/jetbrains/kotlin/kotlin-compiler-embeddable/1.4.31/kotlin-compiler-embeddable-1.4.31.pom to /home/runner/.gradle/.tmp/gradle_download3149775900018845247bin
Downloading https://repo.maven.apache.org/maven2/com/pinterest/ktlint/ktlint-ruleset-test/0.41.0/ktlint-ruleset-test-0.41.0.pom to /home/runner/.gradle/.tmp/gradle_download11658072814068648626bin
Downloading https://repo.maven.apache.org/maven2/info/picocli/picocli/3.9.6/picocli-3.9.6.pom to /home/runner/.gradle/.tmp/gradle_download5469341407234484277bin
Downloading https://repo.maven.apache.org/maven2/com/github/shyiko/klob/klob/0.2.1/klob-0.2.1.pom to /home/runner/.gradle/.tmp/gradle_download14455222118817555446bin
Downloading https://repo.maven.apache.org/maven2/org/jetbrains/kotlin/kotlin-stdlib-jdk8/1.4.31/kotlin-stdlib-jdk8-1.4.31.pom to /home/runner/.gradle/.tmp/gradle_download11621199644192689565bin
Downloading https://repo.maven.apache.org/maven2/com/pinterest/ktlint/ktlint-ruleset-test/0.41.0/ktlint-ruleset-test-0.41.0.module to /home/runner/.gradle/.tmp/gradle_download9347957324026262457bin
Downloading https://repo.maven.apache.org/maven2/org/ec4j/core/ec4j-core/0.3.0/ec4j-core-0.3.0.pom to /home/runner/.gradle/.tmp/gradle_download10780957132058618954bin
Downloading https://repo.maven.apache.org/maven2/org/ec4j/core/ec4j-core-parent/0.3.0/ec4j-core-parent-0.3.0.pom to /home/runner/.gradle/.tmp/gradle_download7745420123272840663bin
Downloading https://repo.maven.apache.org/maven2/org/jetbrains/kotlin/kotlin-stdlib/1.4.31/kotlin-stdlib-1.4.31.pom to /home/runner/.gradle/.tmp/gradle_download14020958191951259967bin
Downloading https://repo.maven.apache.org/maven2/org/jetbrains/kotlin/kotlin-script-runtime/1.4.31/kotlin-script-runtime-1.4.31.pom to /home/runner/.gradle/.tmp/gradle_download4130058500382341358bin
Downloading https://repo.maven.apache.org/maven2/org/jetbrains/kotlin/kotlin-daemon-embeddable/1.4.31/kotlin-daemon-embeddable-1.4.31.pom to /home/runner/.gradle/.tmp/gradle_download12145505127200641453bin
Downloading https://repo.maven.apache.org/maven2/org/jetbrains/kotlin/kotlin-reflect/1.4.31/kotlin-reflect-1.4.31.pom to /home/runner/.gradle/.tmp/gradle_download11395019713777308466bin
Downloading https://repo.maven.apache.org/maven2/org/jetbrains/intellij/deps/trove4j/1.0.20181211/trove4j-1.0.20181211.pom to /home/runner/.gradle/.tmp/gradle_download13330333968543930456bin
Downloading https://repo.maven.apache.org/maven2/org/jetbrains/kotlin/kotlin-stdlib-jdk7/1.4.31/kotlin-stdlib-jdk7-1.4.31.pom to /home/runner/.gradle/.tmp/gradle_download10741441515070228665bin
Downloading https://repo.maven.apache.org/maven2/org/jetbrains/kotlin/kotlin-stdlib-common/1.4.31/kotlin-stdlib-common-1.4.31.pom to /home/runner/.gradle/.tmp/gradle_download8407427212559882143bin
Downloading https://repo.maven.apache.org/maven2/com/pinterest/ktlint/ktlint-reporter-checkstyle/0.41.0/ktlint-reporter-checkstyle-0.41.0.jar to /home/runner/.gradle/.tmp/gradle_download1443051806662591965bin
Downloading https://repo.maven.apache.org/maven2/com/pinterest/ktlint/0.41.0/ktlint-0.41.0.jar to /home/runner/.gradle/.tmp/gradle_download12919601873912218462bin
Downloading https://repo.maven.apache.org/maven2/com/pinterest/ktlint/ktlint-reporter-json/0.41.0/ktlint-reporter-json-0.41.0.jar to /home/runner/.gradle/.tmp/gradle_download4677235286065428561bin
Downloading https://repo.maven.apache.org/maven2/com/pinterest/ktlint/ktlint-reporter-baseline/0.41.0/ktlint-reporter-baseline-0.41.0.jar to /home/runner/.gradle/.tmp/gradle_download6548097781152958801bin
Downloading https://repo.maven.apache.org/maven2/com/pinterest/ktlint/ktlint-reporter-html/0.41.0/ktlint-reporter-html-0.41.0.jar to /home/runner/.gradle/.tmp/gradle_download13747070561464080357bin
Downloading https://repo.maven.apache.org/maven2/com/pinterest/ktlint/ktlint-reporter-plain/0.41.0/ktlint-reporter-plain-0.41.0.jar to /home/runner/.gradle/.tmp/gradle_download8525571496947829737bin
Downloading https://repo.maven.apache.org/maven2/com/pinterest/ktlint/ktlint-ruleset-experimental/0.41.0/ktlint-ruleset-experimental-0.41.0.jar to /home/runner/.gradle/.tmp/gradle_download3336958693203048305bin
Downloading https://repo.maven.apache.org/maven2/com/pinterest/ktlint/ktlint-ruleset-standard/0.41.0/ktlint-ruleset-standard-0.41.0.jar to /home/runner/.gradle/.tmp/gradle_download12013926154338338336bin
Downloading https://repo.maven.apache.org/maven2/com/pinterest/ktlint/ktlint-ruleset-test/0.41.0/ktlint-ruleset-test-0.41.0.jar to /home/runner/.gradle/.tmp/gradle_download1913349849857196659bin
Downloading https://repo.maven.apache.org/maven2/com/pinterest/ktlint/ktlint-core/0.41.0/ktlint-core-0.41.0.jar to /home/runner/.gradle/.tmp/gradle_download13593171655201075008bin
Downloading https://repo.maven.apache.org/maven2/org/jetbrains/kotlin/kotlin-compiler-embeddable/1.4.31/kotlin-compiler-embeddable-1.4.31.jar to /home/runner/.gradle/.tmp/gradle_download11149423551992270122bin
Downloading https://repo.maven.apache.org/maven2/com/github/shyiko/klob/klob/0.2.1/klob-0.2.1.jar to /home/runner/.gradle/.tmp/gradle_download17879241850396875426bin
Downloading https://repo.maven.apache.org/maven2/info/picocli/picocli/3.9.6/picocli-3.9.6.jar to /home/runner/.gradle/.tmp/gradle_download4368453113946861914bin
Downloading https://repo.maven.apache.org/maven2/org/jetbrains/kotlin/kotlin-stdlib-jdk8/1.4.31/kotlin-stdlib-jdk8-1.4.31.jar to /home/runner/.gradle/.tmp/gradle_download6857260405927331845bin
Downloading https://repo.maven.apache.org/maven2/org/ec4j/core/ec4j-core/0.3.0/ec4j-core-0.3.0.jar to /home/runner/.gradle/.tmp/gradle_download15858078605266078919bin
Downloading https://repo.maven.apache.org/maven2/org/jetbrains/kotlin/kotlin-reflect/1.4.31/kotlin-reflect-1.4.31.jar to /home/runner/.gradle/.tmp/gradle_download6644847525902021658bin
Downloading https://repo.maven.apache.org/maven2/org/jetbrains/kotlin/kotlin-stdlib-jdk7/1.4.31/kotlin-stdlib-jdk7-1.4.31.jar to /home/runner/.gradle/.tmp/gradle_download6554980414898690678bin
Downloading https://repo.maven.apache.org/maven2/org/jetbrains/kotlin/kotlin-stdlib/1.4.31/kotlin-stdlib-1.4.31.jar to /home/runner/.gradle/.tmp/gradle_download12448343226284217486bin
Downloading https://repo.maven.apache.org/maven2/org/jetbrains/kotlin/kotlin-script-runtime/1.4.31/kotlin-script-runtime-1.4.31.jar to /home/runner/.gradle/.tmp/gradle_download5148113344845655454bin
Downloading https://repo.maven.apache.org/maven2/org/jetbrains/intellij/deps/trove4j/1.0.20181211/trove4j-1.0.20181211.jar to /home/runner/.gradle/.tmp/gradle_download9052590042604512671bin
Downloading https://repo.maven.apache.org/maven2/org/jetbrains/kotlin/kotlin-daemon-embeddable/1.4.31/kotlin-daemon-embeddable-1.4.31.jar to /home/runner/.gradle/.tmp/gradle_download16373128663568932812bin
Downloading https://repo.maven.apache.org/maven2/org/jetbrains/kotlin/kotlin-stdlib-common/1.4.31/kotlin-stdlib-common-1.4.31.jar to /home/runner/.gradle/.tmp/gradle_download9880528102879885998bin
Starting process 'command '/usr/bin/gcc''. Working directory: /usr/bin Command: /usr/bin/gcc -m64 -dM -E -v -
Successfully started process 'command '/usr/bin/gcc''

> Configure project :ddprof-stresstest
Evaluating project ':ddprof-stresstest' using build file '/home/runner/work/java-profiler/java-profiler/ddprof-stresstest/build.gradle'.
Caching disabled for Groovy DSL script compilation (cp_proj) because:
  Build cache is disabled
  Not worth caching.
Compiling build file '/home/runner/work/java-profiler/java-profiler/ddprof-stresstest/build.gradle' using SubsetScriptTransformer.
Resolved plugin [id: 'java']
Downloading https://plugins.gradle.org/m2/me/champeau/jmh/me.champeau.jmh.gradle.plugin/0.7.1/me.champeau.jmh.gradle.plugin-0.7.1.pom to /home/runner/.gradle/.tmp/gradle_download8974768499959977892bin
Resource missing. [HTTP HEAD: https://plugins.gradle.org/m2/me/champeau/jmh/me.champeau.jmh.gradle.plugin/0.7.1/me.champeau.jmh.gradle.plugin-0.7.1.jar]
Resolved plugin [id: 'me.champeau.jmh', version: '0.7.1']
Downloading https://plugins.gradle.org/m2/me/champeau/jmh/jmh-gradle-plugin/0.7.1/jmh-gradle-plugin-0.7.1.pom to /home/runner/.gradle/.tmp/gradle_download1816929955802506214bin
Downloading https://plugins.gradle.org/m2/me/champeau/jmh/jmh-gradle-plugin/0.7.1/jmh-gradle-plugin-0.7.1.module to /home/runner/.gradle/.tmp/gradle_download849668738462289903bin
Downloading https://plugins.gradle.org/m2/org/openjdk/jmh/jmh-core/1.36/jmh-core-1.36.pom to /home/runner/.gradle/.tmp/gradle_download7436677832749507837bin
Downloading https://plugins.gradle.org/m2/org/openjdk/jmh/jmh-parent/1.36/jmh-parent-1.36.pom to /home/runner/.gradle/.tmp/gradle_download15915551194993202518bin
Downloading https://plugins.gradle.org/m2/org/apache/commons/commons-math3/3.2/commons-math3-3.2.pom to /home/runner/.gradle/.tmp/gradle_download6824032474781356728bin
Downloading https://plugins.gradle.org/m2/net/sf/jopt-simple/jopt-simple/5.0.4/jopt-simple-5.0.4.pom to /home/runner/.gradle/.tmp/gradle_download11008710093234130733bin
Downloading https://plugins.gradle.org/m2/org/apache/commons/commons-parent/28/commons-parent-28.pom to /home/runner/.gradle/.tmp/gradle_download2297530482377114616bin
Found locally available resource with matching checksum: [https://plugins.gradle.org/m2/org/sonatype/oss/oss-parent/7/oss-parent-7.pom, /home/runner/.gradle/caches/modules-2/files-2.1/org.sonatype.oss/oss-parent/7/46b8a785b60a2767095b8611613b58577e96d4c9/oss-parent-7.pom]
Downloading https://plugins.gradle.org/m2/org/apache/apache/13/apache-13.pom to /home/runner/.gradle/.tmp/gradle_download12872995362813197014bin
Downloading https://plugins.gradle.org/m2/net/sf/jopt-simple/jopt-simple/5.0.4/jopt-simple-5.0.4.jar to /home/runner/.gradle/.tmp/gradle_download14989184247287470460bin
Downloading https://plugins.gradle.org/m2/org/apache/commons/commons-math3/3.2/commons-math3-3.2.jar to /home/runner/.gradle/.tmp/gradle_download2996189398057825814bin
Downloading https://plugins.gradle.org/m2/org/openjdk/jmh/jmh-core/1.36/jmh-core-1.36.jar to /home/runner/.gradle/.tmp/gradle_download2852713699528745764bin
Downloading https://plugins.gradle.org/m2/me/champeau/jmh/jmh-gradle-plugin/0.7.1/jmh-gradle-plugin-0.7.1.jar to /home/runner/.gradle/.tmp/gradle_download11935111638448531214bin
Caching disabled for InstrumentationAnalysisTransform: /home/runner/.gradle/caches/modules-2/files-2.1/me.champeau.jmh/jmh-gradle-plugin/0.7.1/ef8bfdbe7e8af3f437babe1afc68962862b7ebb8/jmh-gradle-plugin-0.7.1.jar because:
  Build cache is disabled
  Caching not enabled.
Caching disabled for InstrumentationAnalysisTransform: /home/runner/.gradle/caches/modules-2/files-2.1/net.sf.jopt-simple/jopt-simple/5.0.4/4fdac2fbe92dfad86aa6e9301736f6b4342a3f5c/jopt-simple-5.0.4.jar because:
  Build cache is disabled
  Caching not enabled.
Caching disabled for InstrumentationAnalysisTransform: /home/runner/.gradle/caches/modules-2/files-2.1/org.openjdk.jmh/jmh-core/1.36/5a69117788322630fc5f228bc804771335d41b1b/jmh-core-1.36.jar because:
  Build cache is disabled
  Caching not enabled.
Caching disabled for InstrumentationAnalysisTransform: /home/runner/.gradle/caches/modules-2/files-2.1/org.apache.commons/commons-math3/3.2/ec2544ab27e110d2d431bdad7d538ed509b21e62/commons-math3-3.2.jar because:
  Build cache is disabled
  Caching not enabled.
Caching disabled for MergeInstrumentationAnalysisTransform: /home/runner/.gradle/caches/8.12/transforms/9e7da0efe2b0bc96676fa04ca908f482/transformed/.gradle-instrumented-classpath.marker because:
  Build cache is disabled
  Caching not enabled.
Caching disabled for MergeInstrumentationAnalysisTransform: /home/runner/.gradle/caches/8.12/transforms/6b9dfe1ebb3eb73f59c5a83cfb14e655/transformed/analysis/instrumentation-hierarchy.bin because:
  Build cache is disabled
  Caching not enabled.
Caching disabled for MergeInstrumentationAnalysisTransform: /home/runner/.gradle/caches/8.12/transforms/9e7da0efe2b0bc96676fa04ca908f482/transformed/analysis/instrumentation-hierarchy.bin because:
  Build cache is disabled
  Caching not enabled.
Caching disabled for MergeInstrumentationAnalysisTransform: /home/runner/.gradle/caches/8.12/transforms/325748dc637d7feb533698c9325b272d/transformed/analysis/instrumentation-hierarchy.bin because:
  Build cache is disabled
  Caching not enabled.
Caching disabled for MergeInstrumentationAnalysisTransform: /home/runner/.gradle/caches/8.12/transforms/5dd43489d6d3d2800c71672b476ba4f2/transformed/analysis/instrumentation-hierarchy.bin because:
  Build cache is disabled
  Caching not enabled.
Caching disabled for MergeInstrumentationAnalysisTransform: /home/runner/.gradle/caches/8.12/transforms/9e7da0efe2b0bc96676fa04ca908f482/transformed/analysis/instrumentation-dependencies.bin because:
  Build cache is disabled
  Caching not enabled.
Caching disabled for MergeInstrumentationAnalysisTransform: /home/runner/.gradle/caches/8.12/transforms/6b9dfe1ebb3eb73f59c5a83cfb14e655/transformed/analysis/instrumentation-dependencies.bin because:
  Build cache is disabled
  Caching not enabled.
Caching disabled for MergeInstrumentationAnalysisTransform: /home/runner/.gradle/caches/8.12/transforms/5dd43489d6d3d2800c71672b476ba4f2/transformed/analysis/instrumentation-dependencies.bin because:
  Build cache is disabled
  Caching not enabled.
Caching disabled for MergeInstrumentationAnalysisTransform: /home/runner/.gradle/caches/8.12/transforms/325748dc637d7feb533698c9325b272d/transformed/analysis/instrumentation-dependencies.bin because:
  Build cache is disabled
  Caching not enabled.
Caching disabled for MergeInstrumentationAnalysisTransform: /home/runner/.gradle/caches/modules-2/files-2.1/me.champeau.jmh/jmh-gradle-plugin/0.7.1/ef8bfdbe7e8af3f437babe1afc68962862b7ebb8/jmh-gradle-plugin-0.7.1.jar because:
  Build cache is disabled
  Caching not enabled.
Caching disabled for MergeInstrumentationAnalysisTransform: /home/runner/.gradle/caches/modules-2/files-2.1/net.sf.jopt-simple/jopt-simple/5.0.4/4fdac2fbe92dfad86aa6e9301736f6b4342a3f5c/jopt-simple-5.0.4.jar because:
  Build cache is disabled
  Caching not enabled.
Caching disabled for ExternalDependencyInstrumentingArtifactTransform: /home/runner/.gradle/caches/8.12/transforms/88178a46d5b4420de4326198f33c22f5/transformed/merge/instrumentation-dependencies.bin because:
  Build cache is disabled
  Caching not enabled.
Caching disabled for ExternalDependencyInstrumentingArtifactTransform: /home/runner/.gradle/caches/8.12/transforms/2242add39a1bcba21ddb8d2a43414411/transformed/merge/instrumentation-dependencies.bin because:
  Build cache is disabled
  Caching not enabled.
Caching disabled for MergeInstrumentationAnalysisTransform: /home/runner/.gradle/caches/modules-2/files-2.1/org.apache.commons/commons-math3/3.2/ec2544ab27e110d2d431bdad7d538ed509b21e62/commons-math3-3.2.jar because:
  Build cache is disabled
  Caching not enabled.
Caching disabled for MergeInstrumentationAnalysisTransform: /home/runner/.gradle/caches/modules-2/files-2.1/org.openjdk.jmh/jmh-core/1.36/5a69117788322630fc5f228bc804771335d41b1b/jmh-core-1.36.jar because:
  Build cache is disabled
  Caching not enabled.
Caching disabled for ExternalDependencyInstrumentingArtifactTransform: /home/runner/.gradle/caches/8.12/transforms/51d7b6ca13aa8374a9b786a10254a2d7/transformed/merge/instrumentation-dependencies.bin because:
  Build cache is disabled
  Caching not enabled.
Caching disabled for ExternalDependencyInstrumentingArtifactTransform: /home/runner/.gradle/caches/8.12/transforms/139480d358f20ed8e5372a0fa03fa38b/transformed/merge/instrumentation-dependencies.bin because:
  Build cache is disabled
  Caching not enabled.
Caching disabled for ExternalDependencyInstrumentingArtifactTransform: /home/runner/.gradle/caches/modules-2/files-2.1/me.champeau.jmh/jmh-gradle-plugin/0.7.1/ef8bfdbe7e8af3f437babe1afc68962862b7ebb8/jmh-gradle-plugin-0.7.1.jar because:
  Build cache is disabled
  Caching not enabled.
Caching disabled for ExternalDependencyInstrumentingArtifactTransform: /home/runner/.gradle/caches/modules-2/files-2.1/net.sf.jopt-simple/jopt-simple/5.0.4/4fdac2fbe92dfad86aa6e9301736f6b4342a3f5c/jopt-simple-5.0.4.jar because:
  Build cache is disabled
  Caching not enabled.
Caching disabled for ExternalDependencyInstrumentingArtifactTransform: /home/runner/.gradle/caches/modules-2/files-2.1/org.openjdk.jmh/jmh-core/1.36/5a69117788322630fc5f228bc804771335d41b1b/jmh-core-1.36.jar because:
  Build cache is disabled
  Caching not enabled.
Caching disabled for ExternalDependencyInstrumentingArtifactTransform: /home/runner/.gradle/caches/modules-2/files-2.1/org.apache.commons/commons-math3/3.2/ec2544ab27e110d2d431bdad7d538ed509b21e62/commons-math3-3.2.jar because:
  Build cache is disabled
  Caching not enabled.
Caching disabled for Groovy DSL script compilation (proj) because:
  Build cache is disabled
  Not worth caching.
Compiling build file '/home/runner/work/java-profiler/java-profiler/ddprof-stresstest/build.gradle' using BuildScriptTransformer.

> Configure project :ddprof-test
Evaluating project ':ddprof-test' using build file '/home/runner/work/java-profiler/java-profiler/ddprof-test/build.gradle'.
Caching disabled for Groovy DSL script compilation (cp_proj) because:
  Build cache is disabled
  Not worth caching.
Compiling build file '/home/runner/work/java-profiler/java-profiler/ddprof-test/build.gradle' using SubsetScriptTransformer.
Resolved plugin [id: 'java']
Resolved plugin [id: 'java-library']
Resolved plugin [id: 'application']
Caching disabled for Groovy DSL script compilation (proj) because:
  Build cache is disabled
  Not worth caching.
Compiling build file '/home/runner/work/java-profiler/java-profiler/ddprof-test/build.gradle' using BuildScriptTransformer.
GTest not found. Please install GTest or configure paths.

> Configure project :ddprof-test-tracer
Evaluating project ':ddprof-test-tracer' using build file '/home/runner/work/java-profiler/java-profiler/ddprof-test-tracer/build.gradle'.
Caching disabled for Groovy DSL script compilation (cp_proj) because:
  Build cache is disabled
  Not worth caching.
Compiling build file '/home/runner/work/java-profiler/java-profiler/ddprof-test-tracer/build.gradle' using SubsetScriptTransformer.
Resolved plugin [id: 'java']
Caching disabled for Groovy DSL script compilation (proj) because:
  Build cache is disabled
  Not worth caching.
Compiling build file '/home/runner/work/java-profiler/java-profiler/ddprof-test-tracer/build.gradle' using BuildScriptTransformer.

> Configure project :malloc-shim
Evaluating project ':malloc-shim' using build file '/home/runner/work/java-profiler/java-profiler/malloc-shim/build.gradle'.
Caching disabled for Groovy DSL script compilation (cp_proj) because:
  Build cache is disabled
  Not worth caching.
Compiling build file '/home/runner/work/java-profiler/java-profiler/malloc-shim/build.gradle' using SubsetScriptTransformer.
Resolved plugin [id: 'cpp-library']
Caching disabled for Groovy DSL script compilation (proj) because:
  Build cache is disabled
  Not worth caching.
Compiling build file '/home/runner/work/java-profiler/java-profiler/malloc-shim/build.gradle' using BuildScriptTransformer.

> Configure project :ddprof-lib:benchmarks
Evaluating project ':ddprof-lib:benchmarks' using build file '/home/runner/work/java-profiler/java-profiler/ddprof-lib/benchmarks/build.gradle'.
Caching disabled for Groovy DSL script compilation (cp_proj) because:
  Build cache is disabled
  Not worth caching.
Compiling build file '/home/runner/work/java-profiler/java-profiler/ddprof-lib/benchmarks/build.gradle' using SubsetScriptTransformer.
Resolved plugin [id: 'cpp-application']
Caching disabled for Groovy DSL script compilation (proj) because:
  Build cache is disabled
  Not worth caching.
Compiling build file '/home/runner/work/java-profiler/java-profiler/ddprof-lib/benchmarks/build.gradle' using BuildScriptTransformer.

> Configure project :ddprof-lib:fuzz
Evaluating project ':ddprof-lib:fuzz' using build file '/home/runner/work/java-profiler/java-profiler/ddprof-lib/fuzz/build.gradle'.
Caching disabled for Groovy DSL script compilation (cp_proj) because:
  Build cache is disabled
  Not worth caching.
Compiling build file '/home/runner/work/java-profiler/java-profiler/ddprof-lib/fuzz/build.gradle' using SubsetScriptTransformer.
Resolved plugin [id: 'cpp-application']
Caching disabled for Groovy DSL script compilation (proj) because:
  Build cache is disabled
  Not worth caching.
Compiling build file '/home/runner/work/java-profiler/java-profiler/ddprof-lib/fuzz/build.gradle' using BuildScriptTransformer.

> Configure project :ddprof-lib:gtest
Evaluating project ':ddprof-lib:gtest' using build file '/home/runner/work/java-profiler/java-profiler/ddprof-lib/gtest/build.gradle'.
Caching disabled for Groovy DSL script compilation (cp_proj) because:
  Build cache is disabled
  Not worth caching.
Compiling build file '/home/runner/work/java-profiler/java-profiler/ddprof-lib/gtest/build.gradle' using SubsetScriptTransformer.
Resolved plugin [id: 'cpp-application']
Caching disabled for Groovy DSL script compilation (proj) because:
  Build cache is disabled
  Not worth caching.
Compiling build file '/home/runner/work/java-profiler/java-profiler/ddprof-lib/gtest/build.gradle' using BuildScriptTransformer.
WARNING: Google Test not found - skipping native tests
All projects evaluated.
Task name matched 'clean'
Task name matched 'buildDebug'
Selected primary task 'clean' from project :
Selected primary task 'buildDebug' from project :
Starting process 'command '/usr/lib/jvm/temurin-21-jdk-amd64/bin/java''. Working directory: /home/runner/.gradle/.tmp/tmp-jvm2243449329245636463probe Command: /usr/lib/jvm/temurin-21-jdk-amd64/bin/java -Xmx32m -Xms32m -cp . JavaProbe
Successfully started process 'command '/usr/lib/jvm/temurin-21-jdk-amd64/bin/java''
Received JVM installation metadata from '/usr/lib/jvm/temurin-21-jdk-amd64': {JAVA_HOME=/usr/lib/jvm/temurin-21-jdk-amd64, JAVA_VERSION=21.0.9, JAVA_VENDOR=Eclipse Adoptium, RUNTIME_NAME=OpenJDK Runtime Environment, RUNTIME_VERSION=21.0.9+10-LTS, VM_NAME=OpenJDK 64-Bit Server VM, VM_VERSION=21.0.9+10-LTS, VM_VENDOR=Eclipse Adoptium, OS_ARCH=amd64}
Starting process 'command '/usr/lib/jvm/temurin-25-jdk-amd64/bin/java''. Working directory: /home/runner/.gradle/.tmp/tmp-jvm9015292826446149731probe Command: /usr/lib/jvm/temurin-25-jdk-amd64/bin/java -Xmx32m -Xms32m -cp . JavaProbe
Successfully started process 'command '/usr/lib/jvm/temurin-25-jdk-amd64/bin/java''
Received JVM installation metadata from '/usr/lib/jvm/temurin-25-jdk-amd64': {JAVA_HOME=/usr/lib/jvm/temurin-25-jdk-amd64, JAVA_VERSION=25.0.1, JAVA_VENDOR=Eclipse Adoptium, RUNTIME_NAME=OpenJDK Runtime Environment, RUNTIME_VERSION=25.0.1+8-LTS, VM_NAME=OpenJDK 64-Bit Server VM, VM_VERSION=25.0.1+8-LTS, VM_VENDOR=Eclipse Adoptium, OS_ARCH=amd64}
Starting process 'command '/usr/lib/jvm/temurin-8-jdk-amd64/bin/java''. Working directory: /home/runner/.gradle/.tmp/tmp-jvm2147973629946052749probe Command: /usr/lib/jvm/temurin-8-jdk-amd64/bin/java -Xmx32m -Xms32m -cp . JavaProbe
Successfully started process 'command '/usr/lib/jvm/temurin-8-jdk-amd64/bin/java''
Received JVM installation metadata from '/usr/lib/jvm/temurin-8-jdk-amd64': {JAVA_HOME=/usr/lib/jvm/temurin-8-jdk-amd64/jre, JAVA_VERSION=1.8.0_472, JAVA_VENDOR=Temurin, RUNTIME_NAME=OpenJDK Runtime Environment, RUNTIME_VERSION=1.8.0_472-b08, VM_NAME=OpenJDK 64-Bit Server VM, VM_VERSION=25.472-b08, VM_VENDOR=Temurin, OS_ARCH=amd64}
Starting process 'command '/usr/lib/jvm/temurin-11-jdk-amd64/bin/java''. Working directory: /home/runner/.gradle/.tmp/tmp-jvm9942291379292747005probe Command: /usr/lib/jvm/temurin-11-jdk-amd64/bin/java -Xmx32m -Xms32m -cp . JavaProbe
Successfully started process 'command '/usr/lib/jvm/temurin-11-jdk-amd64/bin/java''
Received JVM installation metadata from '/usr/lib/jvm/temurin-11-jdk-amd64': {JAVA_HOME=/usr/lib/jvm/temurin-11-jdk-amd64, JAVA_VERSION=11.0.29, JAVA_VENDOR=Eclipse Adoptium, RUNTIME_NAME=OpenJDK Runtime Environment, RUNTIME_VERSION=11.0.29+7, VM_NAME=OpenJDK 64-Bit Server VM, VM_VERSION=11.0.29+7, VM_VENDOR=Eclipse Adoptium, OS_ARCH=amd64}
Starting process 'command '/usr/bin/g++''. Working directory: /usr/bin Command: /usr/bin/g++ -m64 -dM -E -v -
Successfully started process 'command '/usr/bin/g++''
Starting process 'command '/usr/bin/g++''. Working directory: /usr/bin Command: /usr/bin/g++ -m64 -x c++ -dM -E -v -
Successfully started process 'command '/usr/bin/g++''
Tasks to be executed: [task ':clean', task ':ddprof-lib:clean', task ':ddprof-stresstest:clean', task ':ddprof-test:clean', task ':ddprof-test-tracer:clean', task ':malloc-shim:clean', task ':ddprof-lib:benchmarks:clean', task ':ddprof-lib:fuzz:clean', task ':ddprof-lib:gtest:clean', task ':ddprof-lib:compileJava', task ':ddprof-lib:processResources', task ':ddprof-lib:classes', task ':ddprof-lib:compileJava9Java', task ':ddprof-lib:compileLibDebug', task ':ddprof-lib:linkLibDebug', task ':ddprof-lib:copyDebugLibs', task ':ddprof-lib:copyExternalLibs', task ':ddprof-lib:assembleDebugJar', task ':ddprof-lib:buildDebug']
Tasks that were excluded: []
Resolve mutations for :clean (Thread[Execution worker,5,main]) started.
:clean (Thread[included builds,5,main]) started.

> Task :clean
Caching disabled for task ':clean' because:
  Build cache is disabled
Task ':clean' is not up-to-date because:
  Task has not declared any outputs despite executing actions.
Resolve mutations for :ddprof-lib:clean (Thread[included builds,5,main]) started.
:ddprof-lib:clean (Thread[included builds,5,main]) started.

> Task :ddprof-lib:clean
Caching disabled for task ':ddprof-lib:clean' because:
  Build cache is disabled
Task ':ddprof-lib:clean' is not up-to-date because:
  Task has not declared any outputs despite executing actions.
Resolve mutations for :ddprof-stresstest:clean (Thread[included builds,5,main]) started.
:ddprof-stresstest:clean (Thread[included builds,5,main]) started.

> Task :ddprof-stresstest:clean
Caching disabled for task ':ddprof-stresstest:clean' because:
  Build cache is disabled
Task ':ddprof-stresstest:clean' is not up-to-date because:
  Task has not declared any outputs despite executing actions.
Resolve mutations for :ddprof-test:clean (Thread[included builds,5,main]) started.
:ddprof-test:clean (Thread[included builds,5,main]) started.

> Task :ddprof-test:clean
Caching disabled for task ':ddprof-test:clean' because:
  Build cache is disabled
Task ':ddprof-test:clean' is not up-to-date because:
  Task has not declared any outputs despite executing actions.
Resolve mutations for :ddprof-test-tracer:clean (Thread[included builds,5,main]) started.
:ddprof-test-tracer:clean (Thread[included builds,5,main]) started.

> Task :ddprof-test-tracer:clean
Caching disabled for task ':ddprof-test-tracer:clean' because:
  Build cache is disabled
Task ':ddprof-test-tracer:clean' is not up-to-date because:
  Task has not declared any outputs despite executing actions.
Resolve mutations for :malloc-shim:clean (Thread[included builds,5,main]) started.
:malloc-shim:clean (Thread[included builds,5,main]) started.

> Task :malloc-shim:clean
Caching disabled for task ':malloc-shim:clean' because:
  Build cache is disabled
Task ':malloc-shim:clean' is not up-to-date because:
  Task has not declared any outputs despite executing actions.
Resolve mutations for :ddprof-lib:benchmarks:clean (Thread[included builds,5,main]) started.
:ddprof-lib:benchmarks:clean (Thread[included builds,5,main]) started.

> Task :ddprof-lib:benchmarks:clean
Caching disabled for task ':ddprof-lib:benchmarks:clean' because:
  Build cache is disabled
Task ':ddprof-lib:benchmarks:clean' is not up-to-date because:
  Task has not declared any outputs despite executing actions.
Resolve mutations for :ddprof-lib:fuzz:clean (Thread[Execution worker Thread 3,5,main]) started.
:ddprof-lib:fuzz:clean (Thread[Execution worker Thread 3,5,main]) started.

> Task :ddprof-lib:fuzz:clean
Caching disabled for task ':ddprof-lib:fuzz:clean' because:
  Build cache is disabled
Task ':ddprof-lib:fuzz:clean' is not up-to-date because:
  Task has not declared any outputs despite executing actions.
Resolve mutations for :ddprof-lib:gtest:clean (Thread[Execution worker Thread 3,5,main]) started.
:ddprof-lib:gtest:clean (Thread[Execution worker Thread 3,5,main]) started.
destroyer locations for task group 0 (Thread[included builds,5,main]) started.

> Task :ddprof-lib:gtest:clean
Caching disabled for task ':ddprof-lib:gtest:clean' because:
  Build cache is disabled
Task ':ddprof-lib:gtest:clean' is not up-to-date because:
  Task has not declared any outputs despite executing actions.
Resolve mutations for :ddprof-lib:compileJava (Thread[included builds,5,main]) started.
:ddprof-lib:compileJava (Thread[included builds,5,main]) started.

> Task :ddprof-lib:compileJava
Caching disabled for task ':ddprof-lib:compileJava' because:
  Build cache is disabled
Task ':ddprof-lib:compileJava' is not up-to-date because:
  No history is available.
The input changes require a full rebuild for incremental task ':ddprof-lib:compileJava'.
Compilation mode: in-process compilation
Full recompilation is required because no incremental change information is available. This is usually caused by clean builds or changing compiler arguments.
Compiling with toolchain '/usr/lib/jvm/temurin-17-jdk-amd64'.
Compiling with JDK Java compiler API.
Class dependency analysis for incremental compilation took 0.029 secs.
Created classpath snapshot for incremental compilation in 0.002 secs.
Resolve mutations for :ddprof-lib:processResources (Thread[included builds,5,main]) started.
:ddprof-lib:processResources (Thread[included builds,5,main]) started.

> Task :ddprof-lib:processResources NO-SOURCE
Skipping task ':ddprof-lib:processResources' as it has no source files and no previous output files.
Resolve mutations for :ddprof-lib:classes (Thread[included builds,5,main]) started.
:ddprof-lib:classes (Thread[included builds,5,main]) started.

> Task :ddprof-lib:classes
Skipping task ':ddprof-lib:classes' as it has no actions.
Resolve mutations for :ddprof-lib:compileJava9Java (Thread[included builds,5,main]) started.
:ddprof-lib:compileJava9Java (Thread[included builds,5,main]) started.

> Task :ddprof-lib:compileJava9Java
Caching disabled for task ':ddprof-lib:compileJava9Java' because:
  Build cache is disabled
Task ':ddprof-lib:compileJava9Java' is not up-to-date because:
  No history is available.
The input changes require a full rebuild for incremental task ':ddprof-lib:compileJava9Java'.
Compilation mode: in-process compilation
Full recompilation is required because no incremental change information is available. This is usually caused by clean builds or changing compiler arguments.
Compiling with toolchain '/usr/lib/jvm/temurin-17-jdk-amd64'.
Compiling with JDK Java compiler API.
Class dependency analysis for incremental compilation took 0.001 secs.
Created classpath snapshot for incremental compilation in 0.003 secs.
Resolve mutations for :ddprof-lib:compileLibDebug (Thread[included builds,5,main]) started.
:ddprof-lib:compileLibDebug (Thread[included builds,5,main]) started.
Resolve mutations for :ddprof-lib:copyExternalLibs (Thread[Execution worker Thread 3,5,main]) started.
:ddprof-lib:copyExternalLibs (Thread[Execution worker Thread 3,5,main]) started.

> Task :ddprof-lib:copyExternalLibs NO-SOURCE
Skipping task ':ddprof-lib:copyExternalLibs' as it has no source files and no previous output files.

> Task :ddprof-lib:compileLibDebug
Found all include files for ':ddprof-lib:compileLibDebug'
Caching disabled for task ':ddprof-lib:compileLibDebug' because:
  Build cache is disabled
Task ':ddprof-lib:compileLibDebug' is not up-to-date because:
  No history is available.
The input changes require a full rebuild for incremental task ':ddprof-lib:compileLibDebug'.
See file:///home/runner/work/java-profiler/java-profiler/ddprof-lib/build/tmp/compileLibDebug/output.txt for all output for compileLibDebug.
Starting process 'command '/usr/bin/g++''. Working directory: /home/runner/work/java-profiler/java-profiler/ddprof-lib/build/obj/main/debug Command: /usr/bin/g++ @/home/runner/work/java-profiler/java-profiler/ddprof-lib/build/tmp/compileLibDebug/options.txt -m64 /home/runner/work/java-profiler/java-profiler/ddprof-lib/src/main/cpp/pidController.cpp -o /home/runner/work/java-profiler/java-profiler/ddprof-lib/build/obj/main/debug/2ls64wkysji8m8eqi2yvhwws7/pidController.o
Starting process 'command '/usr/bin/g++''. Working directory: /home/runner/work/java-profiler/java-profiler/ddprof-lib/build/obj/main/debug Command: /usr/bin/g++ @/home/runner/work/java-profiler/java-profiler/ddprof-lib/build/tmp/compileLibDebug/options.txt -m64 /home/runner/work/java-profiler/java-profiler/ddprof-lib/src/main/cpp/jfrMetadata.cpp -o /home/runner/work/java-profiler/java-profiler/ddprof-lib/build/obj/main/debug/3szclqs6j38rq6lg8prl9i3q6/jfrMetadata.o
Starting process 'command '/usr/bin/g++''. Working directory: /home/runner/work/java-profiler/java-profiler/ddprof-lib/build/obj/main/debug Command: /usr/bin/g++ @/home/runner/work/java-profiler/java-profiler/ddprof-lib/build/tmp/compileLibDebug/options.txt -m64 /home/runner/work/java-profiler/java-profiler/ddprof-lib/src/main/cpp/libraryPatcher_linux.cpp -o /home/runner/work/java-profiler/java-profiler/ddprof-lib/build/obj/main/debug/d8e2h62hqts5xuk1cczn18fon/libraryPatcher_linux.o
Starting process 'command '/usr/bin/g++''. Working directory: /home/runner/work/java-profiler/java-profiler/ddprof-lib/build/obj/main/debug Command: /usr/bin/g++ @/home/runner/work/java-profiler/java-profiler/ddprof-lib/build/tmp/compileLibDebug/options.txt -m64 /home/runner/work/java-profiler/java-profiler/ddprof-lib/src/main/cpp/stackFrame_aarch64.cpp -o /home/runner/work/java-profiler/java-profiler/ddprof-lib/build/obj/main/debug/fqxzqxo98lelccal3mbp6xn8/stackFrame_aarch64.o
Successfully started process 'command '/usr/bin/g++''
Successfully started process 'command '/usr/bin/g++''
Successfully started process 'command '/usr/bin/g++''
Successfully started process 'command '/usr/bin/g++''

Starting process 'command '/usr/bin/g++''. Working directory: /home/runner/work/java-profiler/java-profiler/ddprof-lib/build/obj/main/debug Command: /usr/bin/g++ @/home/runner/work/java-profiler/java-profiler/ddprof-lib/build/tmp/compileLibDebug/options.txt -m64 /home/runner/work/java-profiler/java-profiler/ddprof-lib/src/main/cpp/perfEvents_linux.cpp -o /home/runner/work/java-profiler/java-profiler/ddprof-lib/build/obj/main/debug/d9ytzqdaql19tvkdxkc9i9oay/perfEvents_linux.o
Successfully started process 'command '/usr/bin/g++''

Starting process 'command '/usr/bin/g++''. Working directory: /home/runner/work/java-profiler/java-profiler/ddprof-lib/build/obj/main/debug Command: /usr/bin/g++ @/home/runner/work/java-profiler/java-profiler/ddprof-lib/build/tmp/compileLibDebug/options.txt -m64 /home/runner/work/java-profiler/java-profiler/ddprof-lib/src/main/cpp/callTraceHashTable.cpp -o /home/runner/work/java-profiler/java-profiler/ddprof-lib/build/obj/main/debug/cu3mzlcyykraz4s293xq5wq08/callTraceHashTable.o
Successfully started process 'command '/usr/bin/g++''

Starting process 'command '/usr/bin/g++''. Working directory: /home/runner/work/java-profiler/java-profiler/ddprof-lib/build/obj/main/debug Command: /usr/bin/g++ @/home/runner/work/java-profiler/java-profiler/ddprof-lib/build/tmp/compileLibDebug/options.txt -m64 /home/runner/work/java-profiler/java-profiler/ddprof-lib/src/main/cpp/thread.cpp -o /home/runner/work/java-profiler/java-profiler/ddprof-lib/build/obj/main/debug/76uzt849bcdtdyj65eg9cq9yi/thread.o
Successfully started process 'command '/usr/bin/g++''
In file included from /home/runner/work/java-profiler/java-profiler/ddprof-lib/src/main/cpp/flightRecorder.h:18,
                 from /home/runner/work/java-profiler/java-profiler/ddprof-lib/src/main/cpp/profiler.h:18,
                 from /home/runner/work/java-profiler/java-profiler/ddprof-lib/src/main/cpp/libraryPatcher_linux.cpp:4:
/home/runner/work/java-profiler/java-profiler/ddprof-lib/src/main/cpp/buffers.h: In constructor ‘RecordingBuffer::RecordingBuffer()’:
/home/runner/work/java-profiler/java-profiler/ddprof-lib/src/main/cpp/buffers.h:228:16: warning: placement new constructing an object of type ‘char [72696]’ and size ‘72696’ in a region of type ‘char [1020]’ and size ‘0’ [-Wplacement-new=]
  228 |     new (_data + sizeof(_data)) char[sizeof(_buf)];
      |          ~~~~~~^~~~~~~~~~~~~~~
/home/runner/work/java-profiler/java-profiler/ddprof-lib/src/main/cpp/buffers.h:37:8: note: at offset 1020 from ‘Buffer::_data’ declared here
   37 |   char _data[_limit];
      |        ^~~~~

Starting process 'command '/usr/bin/g++''. Working directory: /home/runner/work/java-profiler/java-profiler/ddprof-lib/build/obj/main/debug Command: /usr/bin/g++ @/home/runner/work/java-profiler/java-profiler/ddprof-lib/build/tmp/compileLibDebug/options.txt -m64 /home/runner/work/java-profiler/java-profiler/ddprof-lib/src/main/cpp/trap.cpp -o /home/runner/work/java-profiler/java-profiler/ddprof-lib/build/obj/main/debug/bfuj02tjydjyy1d54ht33f11s/trap.o
Successfully started process 'command '/usr/bin/g++''

Starting process 'command '/usr/bin/g++''. Working directory: /home/runner/work/java-profiler/java-profiler/ddprof-lib/build/obj/main/debug Command: /usr/bin/g++ @/home/runner/work/java-profiler/java-profiler/ddprof-lib/build/tmp/compileLibDebug/options.txt -m64 /home/runner/work/java-profiler/java-profiler/ddprof-lib/src/main/cpp/stackFrame_i386.cpp -o /home/runner/work/java-profiler/java-profiler/ddprof-lib/build/obj/main/debug/dkc009ollpndfhe8thue3yltx/stackFrame_i386.o
Successfully started process 'command '/usr/bin/g++''

Starting process 'command '/usr/bin/g++''. Working directory: /home/runner/work/java-profiler/java-profiler/ddprof-lib/build/obj/main/debug Command: /usr/bin/g++ @/home/runner/work/java-profiler/java-profiler/ddprof-lib/build/tmp/compileLibDebug/options.txt -m64 /home/runner/work/java-profiler/java-profiler/ddprof-lib/src/main/cpp/codeCache.cpp -o /home/runner/work/java-profiler/java-profiler/ddprof-lib/build/obj/main/debug/8s80dslmfozcq6xunwuntptis/codeCache.o

Starting process 'command '/usr/bin/g++''. Working directory: /home/runner/work/java-profiler/java-profiler/ddprof-lib/build/obj/main/debug Command: /usr/bin/g++ @/home/runner/work/java-profiler/java-profiler/ddprof-lib/build/tmp/compileLibDebug/options.txt -m64 /home/runner/work/java-profiler/java-profiler/ddprof-lib/src/main/cpp/stackFrame_loongarch64.cpp -o /home/runner/work/java-profiler/java-profiler/ddprof-lib/build/obj/main/debug/5r78ffrkp3n62acro7v3tajxi/stackFrame_loongarch64.o
Successfully started process 'command '/usr/bin/g++''
Successfully started process 'command '/usr/bin/g++''

Starting process 'command '/usr/bin/g++''. Working directory: /home/runner/work/java-profiler/java-profiler/ddprof-lib/build/obj/main/debug Command: /usr/bin/g++ @/home/runner/work/java-profiler/java-profiler/ddprof-lib/build/tmp/compileLibDebug/options.txt -m64 /home/runner/work/java-profiler/java-profiler/ddprof-lib/src/main/cpp/j9Ext.cpp -o /home/runner/work/java-profiler/java-profiler/ddprof-lib/build/obj/main/debug/caoz8af2650v5lc3i1z2itavi/j9Ext.o
In file included from /home/runner/work/java-profiler/java-profiler/ddprof-lib/src/main/cpp/flightRecorder.h:18,
                 from /home/runner/work/java-profiler/java-profiler/ddprof-lib/src/main/cpp/profiler.h:18,
                 from /home/runner/work/java-profiler/java-profiler/ddprof-lib/src/main/cpp/perfEvents_linux.cpp:29:
/home/runner/work/java-profiler/java-profiler/ddprof-lib/src/main/cpp/buffers.h: In constructor ‘RecordingBuffer::RecordingBuffer()’:
/home/runner/work/java-profiler/java-profiler/ddprof-lib/src/main/cpp/buffers.h:228:16: warning: placement new constructing an object of type ‘char [72696]’ and size ‘72696’ in a region of type ‘char [1020]’ and size ‘0’ [-Wplacement-new=]
  228 |     new (_data + sizeof(_data)) char[sizeof(_buf)];
      |          ~~~~~~^~~~~~~~~~~~~~~
/home/runner/work/java-profiler/java-profiler/ddprof-lib/src/main/cpp/buffers.h:37:8: note: at offset 1020 from ‘Buffer::_data’ declared here
   37 |   char _data[_limit];
      |        ^~~~~

Starting process 'command '/usr/bin/g++''. Working directory: /home/runner/work/java-profiler/java-profiler/ddprof-lib/build/obj/main/debug Command: /usr/bin/g++ @/home/runner/work/java-profiler/java-profiler/ddprof-lib/build/tmp/compileLibDebug/options.txt -m64 /home/runner/work/java-profiler/java-profiler/ddprof-lib/src/main/cpp/flightRecorder.cpp -o /home/runner/work/java-profiler/java-profiler/ddprof-lib/build/obj/main/debug/a5dcworvlfz5nfe8w614a8dn8/flightRecorder.o
Successfully started process 'command '/usr/bin/g++''
Successfully started process 'command '/usr/bin/g++''

Starting process 'command '/usr/bin/g++''. Working directory: /home/runner/work/java-profiler/java-profiler/ddprof-lib/build/obj/main/debug Command: /usr/bin/g++ @/home/runner/work/java-profiler/java-profiler/ddprof-lib/build/tmp/compileLibDebug/options.txt -m64 /home/runner/work/java-profiler/java-profiler/ddprof-lib/src/main/cpp/stackFrame_arm.cpp -o /home/runner/work/java-profiler/java-profiler/ddprof-lib/build/obj/main/debug/1sytui3w7sqg3120hajs3v2fr/stackFrame_arm.o
Successfully started process 'command '/usr/bin/g++''

Starting process 'command '/usr/bin/g++''. Working directory: /home/runner/work/java-profiler/java-profiler/ddprof-lib/build/obj/main/debug Command: /usr/bin/g++ @/home/runner/work/java-profiler/java-profiler/ddprof-lib/build/tmp/compileLibDebug/options.txt -m64 /home/runner/work/java-profiler/java-profiler/ddprof-lib/src/main/cpp/stackFrame_ppc64.cpp -o /home/runner/work/java-profiler/java-profiler/ddprof-lib/build/obj/main/debug/82tw0ub779rj5ybsulvvlh0ca/stackFrame_ppc64.o
Successfully started process 'command '/usr/bin/g++''

Starting process 'command '/usr/bin/g++''. Working directory: /home/runner/work/java-profiler/java-profiler/ddprof-lib/build/obj/main/debug Command: /usr/bin/g++ @/home/runner/work/java-profiler/java-profiler/ddprof-lib/build/tmp/compileLibDebug/options.txt -m64 /home/runner/work/java-profiler/java-profiler/ddprof-lib/src/main/cpp/arguments.cpp -o /home/runner/work/java-profiler/java-profiler/ddprof-lib/build/obj/main/debug/b4rms97ekxcm58t03wszr87if/arguments.o
Successfully started process 'command '/usr/bin/g++''

Starting process 'command '/usr/bin/g++''. Working directory: /home/runner/work/java-profiler/java-profiler/ddprof-lib/build/obj/main/debug Command: /usr/bin/g++ @/home/runner/work/java-profiler/java-profiler/ddprof-lib/build/tmp/compileLibDebug/options.txt -m64 /home/runner/work/java-profiler/java-profiler/ddprof-lib/src/main/cpp/engine.cpp -o /home/runner/work/java-profiler/java-profiler/ddprof-lib/build/obj/main/debug/155mkl0mdwddy8v0y96m9koax/engine.o
Successfully started process 'command '/usr/bin/g++''
In file included from /home/runner/work/java-profiler/java-profiler/ddprof-lib/src/main/cpp/flightRecorder.h:18,
                 from /home/runner/work/java-profiler/java-profiler/ddprof-lib/src/main/cpp/profiler.h:18,
                 from /home/runner/work/java-profiler/java-profiler/ddprof-lib/src/main/cpp/thread.cpp:3:
/home/runner/work/java-profiler/java-profiler/ddprof-lib/src/main/cpp/buffers.h: In constructor ‘RecordingBuffer::RecordingBuffer()’:
/home/runner/work/java-profiler/java-profiler/ddprof-lib/src/main/cpp/buffers.h:228:16: warning: placement new constructing an object of type ‘char [72696]’ and size ‘72696’ in a region of type ‘char [1020]’ and size ‘0’ [-Wplacement-new=]
  228 |     new (_data + sizeof(_data)) char[sizeof(_buf)];
      |          ~~~~~~^~~~~~~~~~~~~~~
/home/runner/work/java-profiler/java-profiler/ddprof-lib/src/main/cpp/buffers.h:37:8: note: at offset 1020 from ‘Buffer::_data’ declared here
   37 |   char _data[_limit];
      |        ^~~~~

Starting process 'command '/usr/bin/g++''. Working directory: /home/runner/work/java-profiler/java-profiler/ddprof-lib/build/obj/main/debug Command: /usr/bin/g++ @/home/runner/work/java-profiler/java-profiler/ddprof-lib/build/tmp/compileLibDebug/options.txt -m64 /home/runner/work/java-profiler/java-profiler/ddprof-lib/src/main/cpp/vmEntry.cpp -o /home/runner/work/java-profiler/java-profiler/ddprof-lib/build/obj/main/debug/dqm20v53ceali25spzos5s3b8/vmEntry.o
Successfully started process 'command '/usr/bin/g++''

Starting process 'command '/usr/bin/g++''. Working directory: /home/runner/work/java-profiler/java-profiler/ddprof-lib/build/obj/main/debug Command: /usr/bin/g++ @/home/runner/work/java-profiler/java-profiler/ddprof-lib/build/tmp/compileLibDebug/options.txt -m64 /home/runner/work/java-profiler/java-profiler/ddprof-lib/src/main/cpp/debugSupport.cpp -o /home/runner/work/java-profiler/java-profiler/ddprof-lib/build/obj/main/debug/bjhlndnrbxw1h71uejis8bye2/debugSupport.o
Successfully started process 'command '/usr/bin/g++''

Starting process 'command '/usr/bin/g++''. Working directory: /home/runner/work/java-profiler/java-profiler/ddprof-lib/build/obj/main/debug Command: /usr/bin/g++ @/home/runner/work/java-profiler/java-profiler/ddprof-lib/build/tmp/compileLibDebug/options.txt -m64 /home/runner/work/java-profiler/java-profiler/ddprof-lib/src/main/cpp/libraries_linux.cpp -o /home/runner/work/java-profiler/java-profiler/ddprof-lib/build/obj/main/debug/f1wepi5d1zukn72gm4157kyb9/libraries_linux.o
Successfully started process 'command '/usr/bin/g++''

Starting process 'command '/usr/bin/g++''. Working directory: /home/runner/work/java-profiler/java-profiler/ddprof-lib/build/obj/main/debug Command: /usr/bin/g++ @/home/runner/work/java-profiler/java-profiler/ddprof-lib/build/tmp/compileLibDebug/options.txt -m64 /home/runner/work/java-profiler/java-profiler/ddprof-lib/src/main/cpp/stackFrame_riscv64.cpp -o /home/runner/work/java-profiler/java-profiler/ddprof-lib/build/obj/main/debug/78a4pg0l0kva5u4163mt3pjfw/stackFrame_riscv64.o
Successfully started process 'command '/usr/bin/g++''

Starting process 'command '/usr/bin/g++''. Working directory: /home/runner/work/java-profiler/java-profiler/ddprof-lib/build/obj/main/debug Command: /usr/bin/g++ @/home/runner/work/java-profiler/java-profiler/ddprof-lib/build/tmp/compileLibDebug/options.txt -m64 /home/runner/work/java-profiler/java-profiler/ddprof-lib/src/main/cpp/objectSampler.cpp -o /home/runner/work/java-profiler/java-profiler/ddprof-lib/build/obj/main/debug/5u2kc2dsyvqhcddttl05cny26/objectSampler.o
Successfully started process 'command '/usr/bin/g++''

Starting process 'command '/usr/bin/g++''. Working directory: /home/runner/work/java-profiler/java-profiler/ddprof-lib/build/obj/main/debug Command: /usr/bin/g++ @/home/runner/work/java-profiler/java-profiler/ddprof-lib/build/tmp/compileLibDebug/options.txt -m64 /home/runner/work/java-profiler/java-profiler/ddprof-lib/src/main/cpp/vmStructs.cpp -o /home/runner/work/java-profiler/java-profiler/ddprof-lib/build/obj/main/debug/7u0ai8za9uqmtkntqqvab634j/vmStructs.o
Successfully started process 'command '/usr/bin/g++''

Starting process 'command '/usr/bin/g++''. Working directory: /home/runner/work/java-profiler/java-profiler/ddprof-lib/build/obj/main/debug Command: /usr/bin/g++ @/home/runner/work/java-profiler/java-profiler/ddprof-lib/build/tmp/compileLibDebug/options.txt -m64 /home/runner/work/java-profiler/java-profiler/ddprof-lib/src/main/cpp/javaApi.cpp -o /home/runner/work/java-profiler/java-profiler/ddprof-lib/build/obj/main/debug/5chgkxxanvy7uhatkut9a2b26/javaApi.o
Successfully started process 'command '/usr/bin/g++''
In file included from /home/runner/work/java-profiler/java-profiler/ddprof-lib/src/main/cpp/flightRecorder.cpp:10:
/home/runner/work/java-profiler/java-profiler/ddprof-lib/src/main/cpp/buffers.h: In constructor ‘RecordingBuffer::RecordingBuffer()’:
/home/runner/work/java-profiler/java-profiler/ddprof-lib/src/main/cpp/buffers.h:228:16: warning: placement new constructing an object of type ‘char [72696]’ and size ‘72696’ in a region of type ‘char [1020]’ and size ‘0’ [-Wplacement-new=]
  228 |     new (_data + sizeof(_data)) char[sizeof(_buf)];
      |          ~~~~~~^~~~~~~~~~~~~~~
/home/runner/work/java-profiler/java-profiler/ddprof-lib/src/main/cpp/buffers.h:37:8: note: at offset 1020 from ‘Buffer::_data’ declared here
   37 |   char _data[_limit];
      |        ^~~~~

Starting process 'command '/usr/bin/g++''. Working directory: /home/runner/work/java-profiler/java-profiler/ddprof-lib/build/obj/main/debug Command: /usr/bin/g++ @/home/runner/work/java-profiler/java-profiler/ddprof-lib/build/tmp/compileLibDebug/options.txt -m64 /home/runner/work/java-profiler/java-profiler/ddprof-lib/src/main/cpp/context.cpp -o /home/runner/work/java-profiler/java-profiler/ddprof-lib/build/obj/main/debug/8s8nuu3hl1d0y60jtn2fxaf7k/context.o
Successfully started process 'command '/usr/bin/g++''
In file included from /home/runner/work/java-profiler/java-profiler/ddprof-lib/src/main/cpp/flightRecorder.h:18,
                 from /home/runner/work/java-profiler/java-profiler/ddprof-lib/src/main/cpp/profiler.h:18,
                 from /home/runner/work/java-profiler/java-profiler/ddprof-lib/src/main/cpp/vmEntry.cpp:16:
/home/runner/work/java-profiler/java-profiler/ddprof-lib/src/main/cpp/buffers.h: In constructor ‘RecordingBuffer::RecordingBuffer()’:
/home/runner/work/java-profiler/java-profiler/ddprof-lib/src/main/cpp/buffers.h:228:16: warning: placement new constructing an object of type ‘char [72696]’ and size ‘72696’ in a region of type ‘char [1020]’ and size ‘0’ [-Wplacement-new=]
  228 |     new (_data + sizeof(_data)) char[sizeof(_buf)];
      |          ~~~~~~^~~~~~~~~~~~~~~
/home/runner/work/java-profiler/java-profiler/ddprof-lib/src/main/cpp/buffers.h:37:8: note: at offset 1020 from ‘Buffer::_data’ declared here
   37 |   char _data[_limit];
      |        ^~~~~

Starting process 'command '/usr/bin/g++''. Working directory: /home/runner/work/java-profiler/java-profiler/ddprof-lib/build/obj/main/debug Command: /usr/bin/g++ @/home/runner/work/java-profiler/java-profiler/ddprof-lib/build/tmp/compileLibDebug/options.txt -m64 /home/runner/work/java-profiler/java-profiler/ddprof-lib/src/main/cpp/threadFilter.cpp -o /home/runner/work/java-profiler/java-profiler/ddprof-lib/build/obj/main/debug/c4qyami90nsx649fj1w9dubrm/threadFilter.o
Successfully started process 'command '/usr/bin/g++''
In file included from /home/runner/work/java-profiler/java-profiler/ddprof-lib/src/main/cpp/flightRecorder.h:18,
                 from /home/runner/work/java-profiler/java-profiler/ddprof-lib/src/main/cpp/profiler.h:18,
                 from /home/runner/work/java-profiler/java-profiler/ddprof-lib/src/main/cpp/objectSampler.cpp:14:
/home/runner/work/java-profiler/java-profiler/ddprof-lib/src/main/cpp/buffers.h: In constructor ‘RecordingBuffer::RecordingBuffer()’:
/home/runner/work/java-profiler/java-profiler/ddprof-lib/src/main/cpp/buffers.h:228:16: warning: placement new constructing an object of type ‘char [72696]’ and size ‘72696’ in a region of type ‘char [1020]’ and size ‘0’ [-Wplacement-new=]
  228 |     new (_data + sizeof(_data)) char[sizeof(_buf)];
      |          ~~~~~~^~~~~~~~~~~~~~~
/home/runner/work/java-profiler/java-profiler/ddprof-lib/src/main/cpp/buffers.h:37:8: note: at offset 1020 from ‘Buffer::_data’ declared here
   37 |   char _data[_limit];
      |        ^~~~~

Starting process 'command '/usr/bin/g++''. Working directory: /home/runner/work/java-profiler/java-profiler/ddprof-lib/build/obj/main/debug Command: /usr/bin/g++ @/home/runner/work/java-profiler/java-profiler/ddprof-lib/build/tmp/compileLibDebug/options.txt -m64 /home/runner/work/java-profiler/java-profiler/ddprof-lib/src/main/cpp/os_linux_dd.cpp -o /home/runner/work/java-profiler/java-profiler/ddprof-lib/build/obj/main/debug/buj2x2gfa0ee8fey9eb54j9h7/os_linux_dd.o
Successfully started process 'command '/usr/bin/g++''

Starting process 'command '/usr/bin/g++''. Working directory: /home/runner/work/java-profiler/java-profiler/ddprof-lib/build/obj/main/debug Command: /usr/bin/g++ @/home/runner/work/java-profiler/java-profiler/ddprof-lib/build/tmp/compileLibDebug/options.txt -m64 /home/runner/work/java-profiler/java-profiler/ddprof-lib/src/main/cpp/livenessTracker.cpp -o /home/runner/work/java-profiler/java-profiler/ddprof-lib/build/obj/main/debug/5zg0mntzz83p29gzfz1k24vx8/livenessTracker.o
Successfully started process 'command '/usr/bin/g++''

Starting process 'command '/usr/bin/g++''. Working directory: /home/runner/work/java-profiler/java-profiler/ddprof-lib/build/obj/main/debug Command: /usr/bin/g++ @/home/runner/work/java-profiler/java-profiler/ddprof-lib/build/tmp/compileLibDebug/options.txt -m64 /home/runner/work/java-profiler/java-profiler/ddprof-lib/src/main/cpp/itimer.cpp -o /home/runner/work/java-profiler/java-profiler/ddprof-lib/build/obj/main/debug/6otgnbtn9cchns03yo3xwmtbw/itimer.o
Successfully started process 'command '/usr/bin/g++''

Starting process 'command '/usr/bin/g++''. Working directory: /home/runner/work/java-profiler/java-profiler/ddprof-lib/build/obj/main/debug Command: /usr/bin/g++ @/home/runner/work/java-profiler/java-profiler/ddprof-lib/build/tmp/compileLibDebug/options.txt -m64 /home/runner/work/java-profiler/java-profiler/ddprof-lib/src/main/cpp/j9WallClock.cpp -o /home/runner/work/java-profiler/java-profiler/ddprof-lib/build/obj/main/debug/21ea5l3w19482ucc038ytroqc/j9WallClock.o
Successfully started process 'command '/usr/bin/g++''
In file included from /home/runner/work/java-profiler/java-profiler/ddprof-lib/src/main/cpp/flightRecorder.h:18,
                 from /home/runner/work/java-profiler/java-profiler/ddprof-lib/src/main/cpp/profiler.h:18,
                 from /home/runner/work/java-profiler/java-profiler/ddprof-lib/src/main/cpp/javaApi.cpp:27:
/home/runner/work/java-profiler/java-profiler/ddprof-lib/src/main/cpp/buffers.h: In constructor ‘RecordingBuffer::RecordingBuffer()’:
/home/runner/work/java-profiler/java-profiler/ddprof-lib/src/main/cpp/buffers.h:228:16: warning: placement new constructing an object of type ‘char [72696]’ and size ‘72696’ in a region of type ‘char [1020]’ and size ‘0’ [-Wplacement-new=]
  228 |     new (_data + sizeof(_data)) char[sizeof(_buf)];
      |          ~~~~~~^~~~~~~~~~~~~~~
/home/runner/work/java-profiler/java-profiler/ddprof-lib/src/main/cpp/buffers.h:37:8: note: at offset 1020 from ‘Buffer::_data’ declared here
   37 |   char _data[_limit];
      |        ^~~~~
In file included from /home/runner/work/java-profiler/java-profiler/ddprof-lib/src/main/cpp/context.h:22,
                 from /home/runner/work/java-profiler/java-profiler/ddprof-lib/src/main/cpp/javaApi.cpp:20:
/home/runner/work/java-profiler/java-profiler/ddprof-lib/src/main/cpp/javaApi.cpp: In function ‘void Java_com_datadoghq_profiler_JavaProfiler_dumpContext(JNIEnv*, jclass)’:
/home/runner/work/java-profiler/java-profiler/ddprof-lib/src/main/cpp/common.h:12:19: warning: format ‘%lu’ expects argument of type ‘long unsigned int’, but argument 3 has type ‘int’ [-Wformat=]
   12 |   fprintf(stdout, "[TEST::INFO] " fmt "\n", ##__VA_ARGS__); \
      |                   ^~~~~~~~~~~~~~~~~~~~~~~~
/home/runner/work/java-profiler/java-profiler/ddprof-lib/src/main/cpp/javaApi.cpp:579:3: note: in expansion of macro ‘TEST_LOG’
  579 |   TEST_LOG("===> Context: tid:%lu, spanId=%lu, rootSpanId=%lu, checksum=%lu", OS::threadId(), ctx.spanId, ctx.rootSpanId, ctx.checksum);
      |   ^~~~~~~~
/home/runner/work/java-profiler/java-profiler/ddprof-lib/src/main/cpp/javaApi.cpp:579:33: note: format string is defined here
  579 |   TEST_LOG("===> Context: tid:%lu, spanId=%lu, rootSpanId=%lu, checksum=%lu", OS::threadId(), ctx.spanId, ctx.rootSpanId, ctx.checksum);
      |                               ~~^
      |                                 |
      |                                 long unsigned int
      |                               %u
/home/runner/work/java-profiler/java-profiler/ddprof-lib/src/main/cpp/common.h:12:19: warning: format ‘%lu’ expects argument of type ‘long unsigned int’, but argument 4 has type ‘long long unsigned int’ [-Wformat=]
   12 |   fprintf(stdout, "[TEST::INFO] " fmt "\n", ##__VA_ARGS__); \
      |                   ^~~~~~~~~~~~~~~~~~~~~~~~
/home/runner/work/java-profiler/java-profiler/ddprof-lib/src/main/cpp/javaApi.cpp:579:3: note: in expansion of macro ‘TEST_LOG’
  579 |   TEST_LOG("===> Context: tid:%lu, spanId=%lu, rootSpanId=%lu, checksum=%lu", OS::threadId(), ctx.spanId, ctx.rootSpanId, ctx.checksum);
      |   ^~~~~~~~
/home/runner/work/java-profiler/java-profiler/ddprof-lib/src/main/cpp/javaApi.cpp:579:45: note: format string is defined here
  579 |   TEST_LOG("===> Context: tid:%lu, spanId=%lu, rootSpanId=%lu, checksum=%lu", OS::threadId(), ctx.spanId, ctx.rootSpanId, ctx.checksum);
      |                                           ~~^
      |                                             |
      |                                             long unsigned int
      |                                           %llu
/home/runner/work/java-profiler/java-profiler/ddprof-lib/src/main/cpp/common.h:12:19: warning: format ‘%lu’ expects argument of type ‘long unsigned int’, but argument 5 has type ‘long long unsigned int’ [-Wformat=]
   12 |   fprintf(stdout, "[TEST::INFO] " fmt "\n", ##__VA_ARGS__); \
      |                   ^~~~~~~~~~~~~~~~~~~~~~~~
/home/runner/work/java-profiler/java-profiler/ddprof-lib/src/main/cpp/javaApi.cpp:579:3: note: in expansion of macro ‘TEST_LOG’
  579 |   TEST_LOG("===> Context: tid:%lu, spanId=%lu, rootSpanId=%lu, checksum=%lu", OS::threadId(), ctx.spanId, ctx.rootSpanId, ctx.checksum);
      |   ^~~~~~~~
/home/runner/work/java-profiler/java-profiler/ddprof-lib/src/main/cpp/javaApi.cpp:579:61: note: format string is defined here
  579 |   TEST_LOG("===> Context: tid:%lu, spanId=%lu, rootSpanId=%lu, checksum=%lu", OS::threadId(), ctx.spanId, ctx.rootSpanId, ctx.checksum);
      |                                                           ~~^
      |                                                             |
      |                                                             long unsigned int
      |                                                           %llu
/home/runner/work/java-profiler/java-profiler/ddprof-lib/src/main/cpp/common.h:12:19: warning: format ‘%lu’ expects argument of type ‘long unsigned int’, but argument 6 has type ‘long long unsigned int’ [-Wformat=]
   12 |   fprintf(stdout, "[TEST::INFO] " fmt "\n", ##__VA_ARGS__); \
      |                   ^~~~~~~~~~~~~~~~~~~~~~~~
/home/runner/work/java-profiler/java-profiler/ddprof-lib/src/main/cpp/javaApi.cpp:579:3: note: in expansion of macro ‘TEST_LOG’
  579 |   TEST_LOG("===> Context: tid:%lu, spanId=%lu, rootSpanId=%lu, checksum=%lu", OS::threadId(), ctx.spanId, ctx.rootSpanId, ctx.checksum);
      |   ^~~~~~~~
/home/runner/work/java-profiler/java-profiler/ddprof-lib/src/main/cpp/javaApi.cpp:579:75: note: format string is defined here
  579 |   TEST_LOG("===> Context: tid:%lu, spanId=%lu, rootSpanId=%lu, checksum=%lu", OS::threadId(), ctx.spanId, ctx.rootSpanId, ctx.checksum);
      |                                                                         ~~^
      |                                                                           |
      |                                                                           long unsigned int
      |                                                                         %llu

Starting process 'command '/usr/bin/g++''. Working directory: /home/runner/work/java-profiler/java-profiler/ddprof-lib/build/obj/main/debug Command: /usr/bin/g++ @/home/runner/work/java-profiler/java-profiler/ddprof-lib/build/tmp/compileLibDebug/options.txt -m64 /home/runner/work/java-profiler/java-profiler/ddprof-lib/src/main/cpp/vmStructs_dd.cpp -o /home/runner/work/java-profiler/java-profiler/ddprof-lib/build/obj/main/debug/436hxzkb1chn3qhd9p86k3qyh/vmStructs_dd.o
Successfully started process 'command '/usr/bin/g++''
In file included from /home/runner/work/java-profiler/java-profiler/ddprof-lib/src/main/cpp/flightRecorder.h:18,
                 from /home/runner/work/java-profiler/java-profiler/ddprof-lib/src/main/cpp/profiler.h:18,
                 from /home/runner/work/java-profiler/java-profiler/ddprof-lib/src/main/cpp/itimer.cpp:21:
/home/runner/work/java-profiler/java-profiler/ddprof-lib/src/main/cpp/buffers.h: In constructor ‘RecordingBuffer::RecordingBuffer()’:
/home/runner/work/java-profiler/java-profiler/ddprof-lib/src/main/cpp/buffers.h:228:16: warning: placement new constructing an object of type ‘char [72696]’ and size ‘72696’ in a region of type ‘char [1020]’ and size ‘0’ [-Wplacement-new=]
  228 |     new (_data + sizeof(_data)) char[sizeof(_buf)];
      |          ~~~~~~^~~~~~~~~~~~~~~
/home/runner/work/java-profiler/java-profiler/ddprof-lib/src/main/cpp/buffers.h:37:8: note: at offset 1020 from ‘Buffer::_data’ declared here
   37 |   char _data[_limit];
      |        ^~~~~

Starting process 'command '/usr/bin/g++''. Working directory: /home/runner/work/java-profiler/java-profiler/ddprof-lib/build/obj/main/debug Command: /usr/bin/g++ @/home/runner/work/java-profiler/java-profiler/ddprof-lib/build/tmp/compileLibDebug/options.txt -m64 /home/runner/work/java-profiler/java-profiler/ddprof-lib/src/main/cpp/libraries_macos.cpp -o /home/runner/work/java-profiler/java-profiler/ddprof-lib/build/obj/main/debug/cqvapngtti7sgalewi31z5k81/libraries_macos.o
Successfully started process 'command '/usr/bin/g++''

Starting process 'command '/usr/bin/g++''. Working directory: /home/runner/work/java-profiler/java-profiler/ddprof-lib/build/obj/main/debug Command: /usr/bin/g++ @/home/runner/work/java-profiler/java-profiler/ddprof-lib/build/tmp/compileLibDebug/options.txt -m64 /home/runner/work/java-profiler/java-profiler/ddprof-lib/src/main/cpp/wallClock.cpp -o /home/runner/work/java-profiler/java-profiler/ddprof-lib/build/obj/main/debug/crtxlsvsxfh0484ia7areqafo/wallClock.o
Successfully started process 'command '/usr/bin/g++''

Starting process 'command '/usr/bin/g++''. Working directory: /home/runner/work/java-profiler/java-profiler/ddprof-lib/build/obj/main/debug Command: /usr/bin/g++ @/home/runner/work/java-profiler/java-profiler/ddprof-lib/build/tmp/compileLibDebug/options.txt -m64 /home/runner/work/java-profiler/java-profiler/ddprof-lib/src/main/cpp/linearAllocator.cpp -o /home/runner/work/java-profiler/java-profiler/ddprof-lib/build/obj/main/debug/dfxjr7fax5hieefm1c2v6npya/linearAllocator.o
Successfully started process 'command '/usr/bin/g++''
In file included from /home/runner/work/java-profiler/java-profiler/ddprof-lib/src/main/cpp/flightRecorder.h:18,
                 from /home/runner/work/java-profiler/java-profiler/ddprof-lib/src/main/cpp/profiler.h:18,
                 from /home/runner/work/java-profiler/java-profiler/ddprof-lib/src/main/cpp/j9WallClock.cpp:19:
/home/runner/work/java-profiler/java-profiler/ddprof-lib/src/main/cpp/buffers.h: In constructor ‘RecordingBuffer::RecordingBuffer()’:
/home/runner/work/java-profiler/java-profiler/ddprof-lib/src/main/cpp/buffers.h:228:16: warning: placement new constructing an object of type ‘char [72696]’ and size ‘72696’ in a region of type ‘char [1020]’ and size ‘0’ [-Wplacement-new=]
  228 |     new (_data + sizeof(_data)) char[sizeof(_buf)];
      |          ~~~~~~^~~~~~~~~~~~~~~
/home/runner/work/java-profiler/java-profiler/ddprof-lib/src/main/cpp/buffers.h:37:8: note: at offset 1020 from ‘Buffer::_data’ declared here
   37 |   char _data[_limit];
      |        ^~~~~

Starting process 'command '/usr/bin/g++''. Working directory: /home/runner/work/java-profiler/java-profiler/ddprof-lib/build/obj/main/debug Command: /usr/bin/g++ @/home/runner/work/java-profiler/java-profiler/ddprof-lib/build/tmp/compileLibDebug/options.txt -m64 /home/runner/work/java-profiler/java-profiler/ddprof-lib/src/main/cpp/jvm.cpp -o /home/runner/work/java-profiler/java-profiler/ddprof-lib/build/obj/main/debug/bvwlyns4fzfw95f5a249771dv/jvm.o
Successfully started process 'command '/usr/bin/g++''

Starting process 'command '/usr/bin/g++''. Working directory: /home/runner/work/java-profiler/java-profiler/ddprof-lib/build/obj/main/debug Command: /usr/bin/g++ @/home/runner/work/java-profiler/java-profiler/ddprof-lib/build/tmp/compileLibDebug/options.txt -m64 /home/runner/work/java-profiler/java-profiler/ddprof-lib/src/main/cpp/profiler.cpp -o /home/runner/work/java-profiler/java-profiler/ddprof-lib/build/obj/main/debug/c0bo5gkgm2b63i59vy8ecakde/profiler.o
Successfully started process 'command '/usr/bin/g++''

Starting process 'command '/usr/bin/g++''. Working directory: /home/runner/work/java-profiler/java-profiler/ddprof-lib/build/obj/main/debug Command: /usr/bin/g++ @/home/runner/work/java-profiler/java-profiler/ddprof-lib/build/tmp/compileLibDebug/options.txt -m64 /home/runner/work/java-profiler/java-profiler/ddprof-lib/src/main/cpp/stackFrame_x64.cpp -o /home/runner/work/java-profiler/java-profiler/ddprof-lib/build/obj/main/debug/ajb1qjyfgtj68dntaagg12qbz/stackFrame_x64.o
Successfully started process 'command '/usr/bin/g++''
In file included from /home/runner/work/java-profiler/java-profiler/ddprof-lib/src/main/cpp/flightRecorder.h:18,
                 from /home/runner/work/java-profiler/java-profiler/ddprof-lib/src/main/cpp/profiler.h:18,
                 from /home/runner/work/java-profiler/java-profiler/ddprof-lib/src/main/cpp/livenessTracker.cpp:18:
/home/runner/work/java-profiler/java-profiler/ddprof-lib/src/main/cpp/buffers.h: In constructor ‘RecordingBuffer::RecordingBuffer()’:
/home/runner/work/java-profiler/java-profiler/ddprof-lib/src/main/cpp/buffers.h:228:16: warning: placement new constructing an object of type ‘char [72696]’ and size ‘72696’ in a region of type ‘char [1020]’ and size ‘0’ [-Wplacement-new=]
  228 |     new (_data + sizeof(_data)) char[sizeof(_buf)];
      |          ~~~~~~^~~~~~~~~~~~~~~
/home/runner/work/java-profiler/java-profiler/ddprof-lib/src/main/cpp/buffers.h:37:8: note: at offset 1020 from ‘Buffer::_data’ declared here
   37 |   char _data[_limit];
      |        ^~~~~

Starting process 'command '/usr/bin/g++''. Working directory: /home/runner/work/java-profiler/java-profiler/ddprof-lib/build/obj/main/debug Command: /usr/bin/g++ @/home/runner/work/java-profiler/java-profiler/ddprof-lib/build/tmp/compileLibDebug/options.txt -m64 /home/runner/work/java-profiler/java-profiler/ddprof-lib/src/main/cpp/unwindStats.cpp -o /home/runner/work/java-profiler/java-profiler/ddprof-lib/build/obj/main/debug/9cx59kqkppmo3ezexbzihao4r/unwindStats.o
Successfully started process 'command '/usr/bin/g++''

Starting process 'command '/usr/bin/g++''. Working directory: /home/runner/work/java-profiler/java-profiler/ddprof-lib/build/obj/main/debug Command: /usr/bin/g++ @/home/runner/work/java-profiler/java-profiler/ddprof-lib/build/tmp/compileLibDebug/options.txt -m64 /home/runner/work/java-profiler/java-profiler/ddprof-lib/src/main/cpp/otel_process_ctx.cpp -o /home/runner/work/java-profiler/java-profiler/ddprof-lib/build/obj/main/debug/9o6qiqu5a3a9u8e8dej37ffgf/otel_process_ctx.o
Successfully started process 'command '/usr/bin/g++''

Starting process 'command '/usr/bin/g++''. Working directory: /home/runner/work/java-profiler/java-profiler/ddprof-lib/build/obj/main/debug Command: /usr/bin/g++ @/home/runner/work/java-profiler/java-profiler/ddprof-lib/build/tmp/compileLibDebug/options.txt -m64 /home/runner/work/java-profiler/java-profiler/ddprof-lib/src/main/cpp/safeAccess.cpp -o /home/runner/work/java-profiler/java-profiler/ddprof-lib/build/obj/main/debug/21rpuo7lff6qd42z875fqnyyq/safeAccess.o
Successfully started process 'command '/usr/bin/g++''

Starting process 'command '/usr/bin/g++''. Working directory: /home/runner/work/java-profiler/java-profiler/ddprof-lib/build/obj/main/debug Command: /usr/bin/g++ @/home/runner/work/java-profiler/java-profiler/ddprof-lib/build/tmp/compileLibDebug/options.txt -m64 /home/runner/work/java-profiler/java-profiler/ddprof-lib/src/main/cpp/rustDemangler.cpp -o /home/runner/work/java-profiler/java-profiler/ddprof-lib/build/obj/main/debug/cswzmm27rvpyfh4a0wd7x69eu/rustDemangler.o
Successfully started process 'command '/usr/bin/g++''

Starting process 'command '/usr/bin/g++''. Working directory: /home/runner/work/java-profiler/java-profiler/ddprof-lib/build/obj/main/debug Command: /usr/bin/g++ @/home/runner/work/java-profiler/java-profiler/ddprof-lib/build/tmp/compileLibDebug/options.txt -m64 /home/runner/work/java-profiler/java-profiler/ddprof-lib/src/main/cpp/os_macos_dd.cpp -o /home/runner/work/java-profiler/java-profiler/ddprof-lib/build/obj/main/debug/auqerkpjf13lk39bjoctvhjej/os_macos_dd.o
Successfully started process 'command '/usr/bin/g++''

Starting process 'command '/usr/bin/g++''. Working directory: /home/runner/work/java-profiler/java-profiler/ddprof-lib/build/obj/main/debug Command: /usr/bin/g++ @/home/runner/work/java-profiler/java-profiler/ddprof-lib/build/tmp/compileLibDebug/options.txt -m64 /home/runner/work/java-profiler/java-profiler/ddprof-lib/src/main/cpp/log.cpp -o /home/runner/work/java-profiler/java-profiler/ddprof-lib/build/obj/main/debug/3sx8vwadfnogua41iogmzkpuq/log.o
Successfully started process 'command '/usr/bin/g++''

Starting process 'command '/usr/bin/g++''. Working directory: /home/runner/work/java-profiler/java-profiler/ddprof-lib/build/obj/main/debug Command: /usr/bin/g++ @/home/runner/work/java-profiler/java-profiler/ddprof-lib/build/tmp/compileLibDebug/options.txt -m64 /home/runner/work/java-profiler/java-profiler/ddprof-lib/src/main/cpp/symbols_macos.cpp -o /home/runner/work/java-profiler/java-profiler/ddprof-lib/build/obj/main/debug/5gnx5oe972sjlwn76882y0rk9/symbols_macos.o
Successfully started process 'command '/usr/bin/g++''

Starting process 'command '/usr/bin/g++''. Working directory: /home/runner/work/java-profiler/java-profiler/ddprof-lib/build/obj/main/debug Command: /usr/bin/g++ @/home/runner/work/java-profiler/java-profiler/ddprof-lib/build/tmp/compileLibDebug/options.txt -m64 /home/runner/work/java-profiler/java-profiler/ddprof-lib/src/main/cpp/os_linux.cpp -o /home/runner/work/java-profiler/java-profiler/ddprof-lib/build/obj/main/debug/e0qqbt2ofj7p9evwzk3mohpzf/os_linux.o
Successfully started process 'command '/usr/bin/g++''

Starting process 'command '/usr/bin/g++''. Working directory: /home/runner/work/java-profiler/java-profiler/ddprof-lib/build/obj/main/debug Command: /usr/bin/g++ @/home/runner/work/java-profiler/java-profiler/ddprof-lib/build/tmp/compileLibDebug/options.txt -m64 /home/runner/work/java-profiler/java-profiler/ddprof-lib/src/main/cpp/dictionary.cpp -o /home/runner/work/java-profiler/java-profiler/ddprof-lib/build/obj/main/debug/38qd6u9ephy9slzf7iebbojsi/dictionary.o
Successfully started process 'command '/usr/bin/g++''

Starting process 'command '/usr/bin/g++''. Working directory: /home/runner/work/java-profiler/java-profiler/ddprof-lib/build/obj/main/debug Command: /usr/bin/g++ @/home/runner/work/java-profiler/java-profiler/ddprof-lib/build/tmp/compileLibDebug/options.txt -m64 /home/runner/work/java-profiler/java-profiler/ddprof-lib/src/main/cpp/callTraceStorage.cpp -o /home/runner/work/java-profiler/java-profiler/ddprof-lib/build/obj/main/debug/13fg1zt64i1wcr3jslhhew31f/callTraceStorage.o
Successfully started process 'command '/usr/bin/g++''
In file included from /home/runner/work/java-profiler/java-profiler/ddprof-lib/src/main/cpp/flightRecorder.h:18,
                 from /home/runner/work/java-profiler/java-profiler/ddprof-lib/src/main/cpp/profiler.h:18,
                 from /home/runner/work/java-profiler/java-profiler/ddprof-lib/src/main/cpp/wallClock.h:12,
                 from /home/runner/work/java-profiler/java-profiler/ddprof-lib/src/main/cpp/wallClock.cpp:7:
/home/runner/work/java-profiler/java-profiler/ddprof-lib/src/main/cpp/buffers.h: In constructor ‘RecordingBuffer::RecordingBuffer()’:
/home/runner/work/java-profiler/java-profiler/ddprof-lib/src/main/cpp/buffers.h:228:16: warning: placement new constructing an object of type ‘char [72696]’ and size ‘72696’ in a region of type ‘char [1020]’ and size ‘0’ [-Wplacement-new=]
  228 |     new (_data + sizeof(_data)) char[sizeof(_buf)];
      |          ~~~~~~^~~~~~~~~~~~~~~
/home/runner/work/java-profiler/java-profiler/ddprof-lib/src/main/cpp/buffers.h:37:8: note: at offset 1020 from ‘Buffer::_data’ declared here
   37 |   char _data[_limit];
      |        ^~~~~

Starting process 'command '/usr/bin/g++''. Working directory: /home/runner/work/java-profiler/java-profiler/ddprof-lib/build/obj/main/debug Command: /usr/bin/g++ @/home/runner/work/java-profiler/java-profiler/ddprof-lib/build/tmp/compileLibDebug/options.txt -m64 /home/runner/work/java-profiler/java-profiler/ddprof-lib/src/main/cpp/ctimer_linux.cpp -o /home/runner/work/java-profiler/java-profiler/ddprof-lib/build/obj/main/debug/940r9qn63y0yrsjczo8xykmmn/ctimer_linux.o
Successfully started process 'command '/usr/bin/g++''
In file included from /home/runner/work/java-profiler/java-profiler/ddprof-lib/src/main/cpp/flightRecorder.h:18,
                 from /home/runner/work/java-profiler/java-profiler/ddprof-lib/src/main/cpp/profiler.h:18,
                 from /home/runner/work/java-profiler/java-profiler/ddprof-lib/src/main/cpp/log.cpp:18:
/home/runner/work/java-profiler/java-profiler/ddprof-lib/src/main/cpp/buffers.h: In constructor ‘RecordingBuffer::RecordingBuffer()’:
/home/runner/work/java-profiler/java-profiler/ddprof-lib/src/main/cpp/buffers.h:228:16: warning: placement new constructing an object of type ‘char [72696]’ and size ‘72696’ in a region of type ‘char [1020]’ and size ‘0’ [-Wplacement-new=]
  228 |     new (_data + sizeof(_data)) char[sizeof(_buf)];
      |          ~~~~~~^~~~~~~~~~~~~~~
/home/runner/work/java-profiler/java-profiler/ddprof-lib/src/main/cpp/buffers.h:37:8: note: at offset 1020 from ‘Buffer::_data’ declared here
   37 |   char _data[_limit];
      |        ^~~~~

Starting process 'command '/usr/bin/g++''. Working directory: /home/runner/work/java-profiler/java-profiler/ddprof-lib/build/obj/main/debug Command: /usr/bin/g++ @/home/runner/work/java-profiler/java-profiler/ddprof-lib/build/tmp/compileLibDebug/options.txt -m64 /home/runner/work/java-profiler/java-profiler/ddprof-lib/src/main/cpp/dwarf.cpp -o /home/runner/work/java-profiler/java-profiler/ddprof-lib/build/obj/main/debug/ah03ikrgx0syuy4jxpq0yy91b/dwarf.o
Successfully started process 'command '/usr/bin/g++''
In file included from /home/runner/work/java-profiler/java-profiler/ddprof-lib/src/main/cpp/flightRecorder.h:18,
                 from /home/runner/work/java-profiler/java-profiler/ddprof-lib/src/main/cpp/profiler.h:18,
                 from /home/runner/work/java-profiler/java-profiler/ddprof-lib/src/main/cpp/profiler.cpp:7:
/home/runner/work/java-profiler/java-profiler/ddprof-lib/src/main/cpp/buffers.h: In constructor ‘RecordingBuffer::RecordingBuffer()’:
/home/runner/work/java-profiler/java-profiler/ddprof-lib/src/main/cpp/buffers.h:228:16: warning: placement new constructing an object of type ‘char [72696]’ and size ‘72696’ in a region of type ‘char [1020]’ and size ‘0’ [-Wplacement-new=]
  228 |     new (_data + sizeof(_data)) char[sizeof(_buf)];
      |          ~~~~~~^~~~~~~~~~~~~~~
/home/runner/work/java-profiler/java-profiler/ddprof-lib/src/main/cpp/buffers.h:37:8: note: at offset 1020 from ‘Buffer::_data’ declared here
   37 |   char _data[_limit];
      |        ^~~~~

Starting process 'command '/usr/bin/g++''. Working directory: /home/runner/work/java-profiler/java-profiler/ddprof-lib/build/obj/main/debug Command: /usr/bin/g++ @/home/runner/work/java-profiler/java-profiler/ddprof-lib/build/tmp/compileLibDebug/options.txt -m64 /home/runner/work/java-profiler/java-profiler/ddprof-lib/src/main/cpp/libraries.cpp -o /home/runner/work/java-profiler/java-profiler/ddprof-lib/build/obj/main/debug/6tlyx9gt4oxotsj4udhakfmqz/libraries.o
Successfully started process 'command '/usr/bin/g++''

Starting process 'command '/usr/bin/g++''. Working directory: /home/runner/work/java-profiler/java-profiler/ddprof-lib/build/obj/main/debug Command: /usr/bin/g++ @/home/runner/work/java-profiler/java-profiler/ddprof-lib/build/tmp/compileLibDebug/options.txt -m64 /home/runner/work/java-profiler/java-profiler/ddprof-lib/src/main/cpp/symbols_linux.cpp -o /home/runner/work/java-profiler/java-profiler/ddprof-lib/build/obj/main/debug/5f8z120t1ad5qrytxhjap952u/symbols_linux.o
Successfully started process 'command '/usr/bin/g++''

Starting process 'command '/usr/bin/g++''. Working directory: /home/runner/work/java-profiler/java-profiler/ddprof-lib/build/obj/main/debug Command: /usr/bin/g++ @/home/runner/work/java-profiler/java-profiler/ddprof-lib/build/tmp/compileLibDebug/options.txt -m64 /home/runner/work/java-profiler/java-profiler/ddprof-lib/src/main/cpp/tsc.cpp -o /home/runner/work/java-profiler/java-profiler/ddprof-lib/build/obj/main/debug/57m377huvqqlpmm4c95kmgsl1/tsc.o
Successfully started process 'command '/usr/bin/g++''

Starting process 'command '/usr/bin/g++''. Working directory: /home/runner/work/java-profiler/java-profiler/ddprof-lib/build/obj/main/debug Command: /usr/bin/g++ @/home/runner/work/java-profiler/java-profiler/ddprof-lib/build/tmp/compileLibDebug/options.txt -m64 /home/runner/work/java-profiler/java-profiler/ddprof-lib/src/main/cpp/os_macos.cpp -o /home/runner/work/java-profiler/java-profiler/ddprof-lib/build/obj/main/debug/48bhdoru66ua4ifa0sct0nfbl/os_macos.o
Successfully started process 'command '/usr/bin/g++''

Starting process 'command '/usr/bin/g++''. Working directory: /home/runner/work/java-profiler/java-profiler/ddprof-lib/build/obj/main/debug Command: /usr/bin/g++ @/home/runner/work/java-profiler/java-profiler/ddprof-lib/build/tmp/compileLibDebug/options.txt -m64 /home/runner/work/java-profiler/java-profiler/ddprof-lib/src/main/cpp/threadInfo.cpp -o /home/runner/work/java-profiler/java-profiler/ddprof-lib/build/obj/main/debug/3jqqqp2455h7hwv8s89z4yrk/threadInfo.o
Successfully started process 'command '/usr/bin/g++''

Starting process 'command '/usr/bin/g++''. Working directory: /home/runner/work/java-profiler/java-profiler/ddprof-lib/build/obj/main/debug Command: /usr/bin/g++ @/home/runner/work/java-profiler/java-profiler/ddprof-lib/build/tmp/compileLibDebug/options.txt -m64 /home/runner/work/java-profiler/java-profiler/ddprof-lib/src/main/cpp/mutex.cpp -o /home/runner/work/java-profiler/java-profiler/ddprof-lib/build/obj/main/debug/dwjtwwokcw9wws3x1chfu0z8b/mutex.o
Successfully started process 'command '/usr/bin/g++''

Starting process 'command '/usr/bin/g++''. Working directory: /home/runner/work/java-profiler/java-profiler/ddprof-lib/build/obj/main/debug Command: /usr/bin/g++ @/home/runner/work/java-profiler/java-profiler/ddprof-lib/build/tmp/compileLibDebug/options.txt -m64 /home/runner/work/java-profiler/java-profiler/ddprof-lib/src/main/cpp/criticalSection.cpp -o /home/runner/work/java-profiler/java-profiler/ddprof-lib/build/obj/main/debug/4ledkvgnw2zluq7mqa975erm6/criticalSection.o
Successfully started process 'command '/usr/bin/g++''
In file included from /home/runner/work/java-profiler/java-profiler/ddprof-lib/src/main/cpp/flightRecorder.h:18,
                 from /home/runner/work/java-profiler/java-profiler/ddprof-lib/src/main/cpp/profiler.h:18,
                 from /home/runner/work/java-profiler/java-profiler/ddprof-lib/src/main/cpp/ctimer_linux.cpp:24:
/home/runner/work/java-profiler/java-profiler/ddprof-lib/src/main/cpp/buffers.h: In constructor ‘RecordingBuffer::RecordingBuffer()’:
/home/runner/work/java-profiler/java-profiler/ddprof-lib/src/main/cpp/buffers.h:228:16: warning: placement new constructing an object of type ‘char [72696]’ and size ‘72696’ in a region of type ‘char [1020]’ and size ‘0’ [-Wplacement-new=]
  228 |     new (_data + sizeof(_data)) char[sizeof(_buf)];
      |          ~~~~~~^~~~~~~~~~~~~~~
/home/runner/work/java-profiler/java-profiler/ddprof-lib/src/main/cpp/buffers.h:37:8: note: at offset 1020 from ‘Buffer::_data’ declared here
   37 |   char _data[_limit];
      |        ^~~~~

Starting process 'command '/usr/bin/g++''. Working directory: /home/runner/work/java-profiler/java-profiler/ddprof-lib/build/obj/main/debug Command: /usr/bin/g++ @/home/runner/work/java-profiler/java-profiler/ddprof-lib/build/tmp/compileLibDebug/options.txt -m64 /home/runner/work/java-profiler/java-profiler/ddprof-lib/src/main/cpp/counters.cpp -o /home/runner/work/java-profiler/java-profiler/ddprof-lib/build/obj/main/debug/7dbujukm78ogrtf1wn0ilc47f/counters.o
Successfully started process 'command '/usr/bin/g++''

Starting process 'command '/usr/bin/g++''. Working directory: /home/runner/work/java-profiler/java-profiler/ddprof-lib/build/obj/main/debug Command: /usr/bin/g++ @/home/runner/work/java-profiler/java-profiler/ddprof-lib/build/tmp/compileLibDebug/options.txt -m64 /home/runner/work/java-profiler/java-profiler/ddprof-lib/src/main/cpp/stackWalker.cpp -o /home/runner/work/java-profiler/java-profiler/ddprof-lib/build/obj/main/debug/5edvbktvdovlolfk2r312flco/stackWalker.o
Successfully started process 'command '/usr/bin/g++''

Starting process 'command '/usr/bin/g++''. Working directory: /home/runner/work/java-profiler/java-profiler/ddprof-lib/build/obj/main/debug Command: /usr/bin/g++ @/home/runner/work/java-profiler/java-profiler/ddprof-lib/build/tmp/compileLibDebug/options.txt -m64 /home/runner/work/java-profiler/java-profiler/ddprof-lib/src/main/cpp/symbols_linux_dd.cpp -o /home/runner/work/java-profiler/java-profiler/ddprof-lib/build/obj/main/debug/1cqf2eih6em1d8c9f9djkqipo/symbols_linux_dd.o
Successfully started process 'command '/usr/bin/g++''



In file included from /home/runner/work/java-profiler/java-profiler/ddprof-lib/src/main/cpp/flightRecorder.h:18,
                 from /home/runner/work/java-profiler/java-profiler/ddprof-lib/src/main/cpp/profiler.h:18,
                 from /home/runner/work/java-profiler/java-profiler/ddprof-lib/src/main/cpp/stackWalker.cpp:9:
/home/runner/work/java-profiler/java-profiler/ddprof-lib/src/main/cpp/buffers.h: In constructor ‘RecordingBuffer::RecordingBuffer()’:
/home/runner/work/java-profiler/java-profiler/ddprof-lib/src/main/cpp/buffers.h:228:16: warning: placement new constructing an object of type ‘char [72696]’ and size ‘72696’ in a region of type ‘char [1020]’ and size ‘0’ [-Wplacement-new=]
  228 |     new (_data + sizeof(_data)) char[sizeof(_buf)];
      |          ~~~~~~^~~~~~~~~~~~~~~
/home/runner/work/java-profiler/java-profiler/ddprof-lib/src/main/cpp/buffers.h:37:8: note: at offset 1020 from ‘Buffer::_data’ declared here
   37 |   char _data[_limit];
      |        ^~~~~

Finished compileLibDebug, see full log file:///home/runner/work/java-profiler/java-profiler/ddprof-lib/build/tmp/compileLibDebug/output.txt.
Resolve mutations for :ddprof-lib:linkLibDebug (Thread[included builds,5,main]) started.
:ddprof-lib:linkLibDebug (Thread[included builds,5,main]) started.

> Task :ddprof-lib:linkLibDebug
Caching disabled for task ':ddprof-lib:linkLibDebug' because:
  Build cache is disabled
  Not made cacheable, yet
Task ':ddprof-lib:linkLibDebug' is not up-to-date because:
  No history is available.
See file:///home/runner/work/java-profiler/java-profiler/ddprof-lib/build/tmp/linkLibDebug/output.txt for all output for linkLibDebug.
Starting process 'command '/usr/bin/g++''. Working directory: /home/runner/work/java-profiler/java-profiler Command: /usr/bin/g++ @/home/runner/work/java-profiler/java-profiler/ddprof-lib/build/tmp/linkLibDebug/options.txt -m64
Successfully started process 'command '/usr/bin/g++''
Using built-in specs.
COLLECT_GCC=/usr/bin/g++
COLLECT_LTO_WRAPPER=/usr/libexec/gcc/x86_64-linux-gnu/13/lto-wrapper
OFFLOAD_TARGET_NAMES=nvptx-none:amdgcn-amdhsa
OFFLOAD_TARGET_DEFAULT=1
Target: x86_64-linux-gnu
Configured with: ../src/configure -v --with-pkgversion='Ubuntu 13.3.0-6ubuntu2~24.04' --with-bugurl=file:///usr/share/doc/gcc-13/README.Bugs --enable-languages=c,ada,c++,go,d,fortran,objc,obj-c++,m2 --prefix=/usr --with-gcc-major-version-only --program-suffix=-13 --program-prefix=x86_64-linux-gnu- --enable-shared --enable-linker-build-id --libexecdir=/usr/libexec --without-included-gettext --enable-threads=posix --libdir=/usr/lib --enable-nls --enable-bootstrap --enable-clocale=gnu --enable-libstdcxx-debug --enable-libstdcxx-time=yes --with-default-libstdcxx-abi=new --enable-libstdcxx-backtrace --enable-gnu-unique-object --disable-vtable-verify --enable-plugin --enable-default-pie --with-system-zlib --enable-libphobos-checking=release --with-target-system-zlib=auto --enable-objc-gc=auto --enable-multiarch --disable-werror --enable-cet --with-arch-32=i686 --with-abi=m64 --with-multilib-list=m32,m64,mx32 --enable-multilib --with-tune=generic --enable-offload-targets=nvptx-none=/build/gcc-13-fG75Ri/gcc-13-13.3.0/debian/tmp-nvptx/usr,amdgcn-amdhsa=/build/gcc-13-fG75Ri/gcc-13-13.3.0/debian/tmp-gcn/usr --enable-offload-defaulted --without-cuda-driver --enable-checking=release --build=x86_64-linux-gnu --host=x86_64-linux-gnu --target=x86_64-linux-gnu --with-build-config=bootstrap-lto-lean --enable-link-serialization=2
Thread model: posix
Supported LTO compression algorithms: zlib zstd
gcc version 13.3.0 (Ubuntu 13.3.0-6ubuntu2~24.04) 
COMPILER_PATH=/usr/libexec/gcc/x86_64-linux-gnu/13/:/usr/libexec/gcc/x86_64-linux-gnu/13/:/usr/libexec/gcc/x86_64-linux-gnu/:/usr/lib/gcc/x86_64-linux-gnu/13/:/usr/lib/gcc/x86_64-linux-gnu/
LIBRARY_PATH=/usr/lib/gcc/x86_64-linux-gnu/13/:/usr/lib/gcc/x86_64-linux-gnu/13/../../../x86_64-linux-gnu/:/usr/lib/gcc/x86_64-linux-gnu/13/../../../../lib/:/lib/x86_64-linux-gnu/:/lib/../lib/:/usr/lib/x86_64-linux-gnu/:/usr/lib/../lib/:/usr/lib/gcc/x86_64-linux-gnu/13/../../../:/lib/:/usr/lib/
COLLECT_GCC_OPTIONS='-shared' '-o' '/home/runner/work/java-profiler/java-profiler/ddprof-lib/build/lib/main/debug/linux/x64/libjavaProfiler.so' '-v' '-v' '-m64' '-shared-libgcc' '-mtune=generic' '-march=x86-64' '-dumpdir' '/home/runner/work/java-profiler/java-profiler/ddprof-lib/build/lib/main/debug/linux/x64/libjavaProfiler.so.'
 /usr/libexec/gcc/x86_64-linux-gnu/13/collect2 -plugin /usr/libexec/gcc/x86_64-linux-gnu/13/liblto_plugin.so -plugin-opt=/usr/libexec/gcc/x86_64-linux-gnu/13/lto-wrapper -plugin-opt=-fresolution=/tmp/ccK7MlJk.res -plugin-opt=-pass-through=-lgcc_s -plugin-opt=-pass-through=-lc -plugin-opt=-pass-through=-lgcc_s --build-id --eh-frame-hdr -m elf_x86_64 --hash-style=gnu --as-needed -shared -z relro -o /home/runner/work/java-profiler/java-profiler/ddprof-lib/build/lib/main/debug/linux/x64/libjavaProfiler.so /usr/lib/gcc/x86_64-linux-gnu/13/../../../x86_64-linux-gnu/crti.o /usr/lib/gcc/x86_64-linux-gnu/13/crtbeginS.o -L/usr/lib/gcc/x86_64-linux-gnu/13 -L/usr/lib/gcc/x86_64-linux-gnu/13/../../../x86_64-linux-gnu -L/usr/lib/gcc/x86_64-linux-gnu/13/../../../../lib -L/lib/x86_64-linux-gnu -L/lib/../lib -L/usr/lib/x86_64-linux-gnu -L/usr/lib/../lib -L/usr/lib/gcc/x86_64-linux-gnu/13/../../.. @/tmp/ccADSt3j -lgcc_s -lc -lgcc_s /usr/lib/gcc/x86_64-linux-gnu/13/crtendS.o /usr/lib/gcc/x86_64-linux-gnu/13/../../../x86_64-linux-gnu/crtn.o
COLLECT_GCC_OPTIONS='-shared' '-o' '/home/runner/work/java-profiler/java-profiler/ddprof-lib/build/lib/main/debug/linux/x64/libjavaProfiler.so' '-v' '-v' '-m64' '-shared-libgcc' '-mtune=generic' '-march=x86-64' '-dumpdir' '/home/runner/work/java-profiler/java-profiler/ddprof-lib/build/lib/main/debug/linux/x64/libjavaProfiler.so.'

Finished linkLibDebug, see full log file:///home/runner/work/java-profiler/java-profiler/ddprof-lib/build/tmp/linkLibDebug/output.txt.
Resolve mutations for :ddprof-lib:copyDebugLibs (Thread[included builds,5,main]) started.
:ddprof-lib:copyDebugLibs (Thread[included builds,5,main]) started.

> Task :ddprof-lib:copyDebugLibs
Caching disabled for task ':ddprof-lib:copyDebugLibs' because:
  Build cache is disabled
  Not worth caching
Task ':ddprof-lib:copyDebugLibs' is not up-to-date because:
  No history is available.
Resolve mutations for :ddprof-lib:assembleDebugJar (Thread[included builds,5,main]) started.
:ddprof-lib:assembleDebugJar (Thread[included builds,5,main]) started.

> Task :ddprof-lib:assembleDebugJar
Caching disabled for task ':ddprof-lib:assembleDebugJar' because:
  Build cache is disabled
  Not worth caching
Task ':ddprof-lib:assembleDebugJar' is not up-to-date because:
  No history is available.
Resolve mutations for :ddprof-lib:buildDebug (Thread[included builds,5,main]) started.
:ddprof-lib:buildDebug (Thread[included builds,5,main]) started.

> Task :ddprof-lib:buildDebug
Skipping task ':ddprof-lib:buildDebug' as it has no actions.

[Incubating] Problems report is available at: file:///home/runner/work/java-profiler/java-profiler/build/reports/problems/problems-report.html

Deprecated Gradle features were used in this build, making it incompatible with Gradle 9.0.

You can use '--warning-mode all' to show the individual deprecation warnings and determine if they come from your own scripts or plugins.

For more on this, please refer to https://docs.gradle.org/8.12/userguide/command_line_interface.html#sec:command_line_warnings in the Gradle documentation.

BUILD SUCCESSFUL in 56s
15 actionable tasks: 15 executed
